ok  g000 r1  All counties in Ohio and Michigan.
ok  g003 r1  All counties in Vermont, and Colorado.
MISS  g001 r1  All counties in Illinois, Iowa and Kansas.
MISS  g002 r1  All counties in Oregon, Idaho, Maine and Vermont.
ok  g005 r1  All counties in Illinois, Iowa, Kansas, and Oregon.
ok  g004 r1  All counties in Ohio, Michigan, and Indiana.
MISS  g006 r1  All counties in Oregon plus Idaho.
ok  g008 r1  All counties in Ohio, Michigan, Indiana plus Illinois.
ok  g010 r1  Every county in Oregon, Idaho and Maine.
ok  g013 r1  Every county in Illinois, Iowa, and Kansas.
ok  g012 r1  Every county in Ohio, and Michigan.
ok  g011 r1  Every county in Vermont, Colorado, Minnesota and Ohio.
MISS  g015 r1  Every county in Vermont plus Colorado.
ok  g018 r1  Show each county in Oregon and Idaho.
MISS  g016 r1  Every county in Ohio, Michigan plus Indiana.
ok  g014 r1  Every county in Oregon, Idaho, Maine, and Vermont.
MISS  g009 r1  Every county in Illinois and Iowa.
ok  g017 r1  Every county in Illinois, Iowa, Kansas plus Oregon.
ok  g021 r1  Show each county in Illinois, and Iowa.
ok  g020 r1  Show each county in Ohio, Michigan, Indiana and Illinois.
MISS  g007 r1  All counties in Vermont, Colorado plus Minnesota.
ok  g019 r1  Show each county in Vermont, Colorado and Minnesota.
ok  g022 r1  Show each county in Oregon, Idaho, and Maine.
MISS  g023 r1  Show each county in Vermont, Colorado, Minnesota, and Ohio.
{
  "cells": 70,
  "repeat": 3,
  "pass_rate": 0.667,
  "by_dimension": {
    "connector=and": 0.667,
    "connector=comma-and": 0.889,
    "connector=plus": 0.333,
    "level=county": 0.667,
    "parent_count=2": 0.625,
    "parent_count=3": 0.625,
    "parent_count=4": 0.75,
    "verb=all": 0.556,
    "verb=each": 0.833,
    "verb=every": 0.667
  }
}
ok  g024 r1  Show each county in Ohio plus Michigan.
MISS  g027 r1  List the counties in Vermont and Colorado.
ok  g025 r1  Show each county in Illinois, Iowa plus Kansas.
ok  g029 r1  List the counties in Illinois, Iowa, Kansas and Oregon.
ok  g026 r1  Show each county in Oregon, Idaho, Maine plus Vermont.
ok  g028 r1  List the counties in Ohio, Michigan and Indiana.
ok  g031 r1  List the counties in Vermont, Colorado, and Minnesota.
ok  g034 r1  List the counties in Oregon, Idaho plus Maine.
MISS  g033 r1  List the counties in Illinois plus Iowa.
ok  g032 r1  List the counties in Ohio, Michigan, Indiana, and Illinois.
ok  g036 r1  Show all counties within Ohio and Michigan.
ok  g035 r1  List the counties in Vermont, Colorado, Minnesota plus Ohio.
ok  g037 r1  Show all counties within Illinois, Iowa and Kansas.
ok  g038 r1  Show all counties within Oregon, Idaho, Maine and Vermont.
ok  g040 r1  Show all counties within Ohio, Michigan, and Indiana.
ok  g042 r1  Show all counties within Oregon plus Idaho.
ok  g041 r1  Show all counties within Illinois, Iowa, Kansas, and Oregon.
MISS  g030 r1  List the counties in Oregon, and Idaho.
ok  g044 r1  Show all counties within Ohio, Michigan, Indiana plus Illinois.
MISS  g039 r1  Show all counties within Vermont, and Colorado.
ok  g045 r1  Pull every county across Illinois and Iowa.
ok  g043 r1  Show all counties within Vermont, Colorado plus Minnesota.
ok  g046 r1  Pull every county across Oregon, Idaho and Maine.
ok  g047 r1  Pull every county across Vermont, Colorado, Minnesota and Ohio.
{
  "cells": 70,
  "repeat": 3,
  "pass_rate": 0.75,
  "by_dimension": {
    "connector=and": 0.778,
    "connector=comma-and": 0.8,
    "connector=plus": 0.667,
    "level=county": 0.75,
    "parent_count=2": 0.562,
    "parent_count=3": 0.812,
    "parent_count=4": 0.875,
    "verb=across": 1.0,
    "verb=all": 0.556,
    "verb=each": 0.889,
    "verb=every": 0.667,
    "verb=list": 0.667,
    "verb=within": 0.889
  }
}
ok  g050 r1  Pull every county across Oregon, Idaho, Maine, and Vermont.
ok  g048 r1  Pull every county across Ohio, and Michigan.
ok  g049 r1  Pull every county across Illinois, Iowa, and Kansas.
ok  g052 r1  Pull every county across Ohio, Michigan plus Indiana.
MISS  g051 r1  Pull every county across Vermont plus Colorado.
ok  g053 r1  Pull every county across Illinois, Iowa, Kansas plus Oregon.
ok  g057 r1  All tracts in King, and Pierce County.
ok  g055 r1  All tracts in Wayne, Oakland and Macomb County.
MISS  g056 r1  All tracts in Hennepin, Ramsey, Dakota and Anoka County.
MISS  g054 r1  All tracts in Cook and DuPage County.
ok  g060 r1  All tracts in Cook plus DuPage County.
ok  g058 r1  All tracts in Franklin, Cuyahoga, and Hamilton County.
MISS  g061 r1  All tracts in Wayne, Oakland plus Macomb County.
ok  g063 r1  Every tract in King and Pierce County.
MISS  g062 r1  All tracts in Hennepin, Ramsey, Dakota plus Anoka County.
MISS  g064 r1  Every tract in Franklin, Cuyahoga and Hamilton County.
MISS  g059 r1  All tracts in Marion, Hamilton, Lake, and Allen County.
ok  g067 r1  Every tract in Wayne, Oakland, and Macomb County.
MISS  g065 r1  Every tract in Marion, Hamilton, Lake and Allen County.
MISS  g069 r1  Every tract in King plus Pierce County.
ok  g066 r1  Every tract in Cook, and DuPage County.
MISS  g000 r2  All counties in Ohio and Michigan.
MISS  g068 r1  Every tract in Hennepin, Ramsey, Dakota, and Anoka County.
ok  g001 r2  All counties in Illinois, Iowa and Kansas.
{
  "cells": 70,
  "repeat": 3,
  "pass_rate": 0.681,
  "by_dimension": {
    "connector=and": 0.654,
    "connector=comma-and": 0.792,
    "connector=plus": 0.591,
    "level=county": 0.75,
    "level=tract": 0.438,
    "parent_count=2": 0.56,
    "parent_count=3": 0.792,
    "parent_count=4": 0.696,
    "verb=across": 0.889,
    "verb=all": 0.5,
    "verb=each": 0.889,
    "verb=every": 0.562,
    "verb=list": 0.667,
    "verb=within": 0.889
  }
}
MISS  g006 r2  All counties in Oregon plus Idaho.
MISS  g003 r2  All counties in Vermont, and Colorado.
MISS  g007 r2  All counties in Vermont, Colorado plus Minnesota.
ok  g004 r2  All counties in Ohio, Michigan, and Indiana.
ok  g005 r2  All counties in Illinois, Iowa, Kansas, and Oregon.
ok  g009 r2  Every county in Illinois and Iowa.
ok  g002 r2  All counties in Oregon, Idaho, Maine and Vermont.
ok  g008 r2  All counties in Ohio, Michigan, Indiana plus Illinois.
ok  g010 r2  Every county in Oregon, Idaho and Maine.
ok  g012 r2  Every county in Ohio, and Michigan.
ok  g013 r2  Every county in Illinois, Iowa, and Kansas.
ok  g016 r2  Every county in Ohio, Michigan plus Indiana.
ok  g018 r2  Show each county in Oregon and Idaho.
ok  g011 r2  Every county in Vermont, Colorado, Minnesota and Ohio.
ok  g015 r2  Every county in Vermont plus Colorado.
ok  g014 r2  Every county in Oregon, Idaho, Maine, and Vermont.
ok  g017 r2  Every county in Illinois, Iowa, Kansas plus Oregon.
ok  g020 r2  Show each county in Ohio, Michigan, Indiana and Illinois.
ok  g021 r2  Show each county in Illinois, and Iowa.
ok  g022 r2  Show each county in Oregon, Idaho, and Maine.
ok  g019 r2  Show each county in Vermont, Colorado and Minnesota.
ok  g023 r2  Show each county in Vermont, Colorado, Minnesota, and Ohio.
ok  g024 r2  Show each county in Ohio plus Michigan.
ok  g025 r2  Show each county in Illinois, Iowa plus Kansas.
{
  "cells": 70,
  "repeat": 3,
  "pass_rate": 0.729,
  "by_dimension": {
    "connector=and": 0.727,
    "connector=comma-and": 0.818,
    "connector=plus": 0.633,
    "level=county": 0.787,
    "level=tract": 0.438,
    "parent_count=2": 0.606,
    "parent_count=3": 0.812,
    "parent_count=4": 0.774,
    "verb=across": 0.889,
    "verb=all": 0.519,
    "verb=each": 0.941,
    "verb=every": 0.72,
    "verb=list": 0.667,
    "verb=within": 0.889
  }
}
ok  g027 r2  List the counties in Vermont and Colorado.
ok  g028 r2  List the counties in Ohio, Michigan and Indiana.
ok  g031 r2  List the counties in Vermont, Colorado, and Minnesota.
ok  g029 r2  List the counties in Illinois, Iowa, Kansas and Oregon.
ok  g032 r2  List the counties in Ohio, Michigan, Indiana, and Illinois.
MISS  g026 r2  Show each county in Oregon, Idaho, Maine plus Vermont.
MISS  g030 r2  List the counties in Oregon, and Idaho.
ok  g038 r2  Show all counties within Oregon, Idaho, Maine and Vermont.
ok  g035 r2  List the counties in Vermont, Colorado, Minnesota plus Ohio.
ok  g034 r2  List the counties in Oregon, Idaho plus Maine.
ok  g037 r2  Show all counties within Illinois, Iowa and Kansas.
ok  g036 r2  Show all counties within Ohio and Michigan.
ok  g040 r2  Show all counties within Ohio, Michigan, and Indiana.
MISS  g039 r2  Show all counties within Vermont, and Colorado.
MISS  g033 r2  List the counties in Illinois plus Iowa.
ok  g041 r2  Show all counties within Illinois, Iowa, Kansas, and Oregon.
MISS  g042 r2  Show all counties within Oregon plus Idaho.
ok  g044 r2  Show all counties within Ohio, Michigan, Indiana plus Illinois.
ok  g045 r2  Pull every county across Illinois and Iowa.
ok  g043 r2  Show all counties within Vermont, Colorado plus Minnesota.
ok  g047 r2  Pull every county across Vermont, Colorado, Minnesota and Ohio.
ok  g048 r2  Pull every county across Ohio, and Michigan.
ok  g046 r2  Pull every county across Oregon, Idaho and Maine.
MISS  g049 r2  Pull every county across Illinois, Iowa, and Kansas.
{
  "cells": 70,
  "repeat": 3,
  "pass_rate": 0.733,
  "by_dimension": {
    "connector=and": 0.786,
    "connector=comma-and": 0.78,
    "connector=plus": 0.622,
    "level=county": 0.779,
    "level=tract": 0.438,
    "parent_count=2": 0.585,
    "parent_count=3": 0.825,
    "parent_count=4": 0.795,
    "verb=across": 0.857,
    "verb=all": 0.519,
    "verb=each": 0.889,
    "verb=every": 0.72,
    "verb=list": 0.722,
    "verb=within": 0.833
  }
}
MISS  g054 r2  All tracts in Cook and DuPage County.
ok  g050 r2  Pull every county across Oregon, Idaho, Maine, and Vermont.
ok  g051 r2  Pull every county across Vermont plus Colorado.
ok  g055 r2  All tracts in Wayne, Oakland and Macomb County.
MISS  g052 r2  Pull every county across Ohio, Michigan plus Indiana.
ok  g053 r2  Pull every county across Illinois, Iowa, Kansas plus Oregon.
MISS  g056 r2  All tracts in Hennepin, Ramsey, Dakota and Anoka County.
MISS  g057 r2  All tracts in King, and Pierce County.
ok  g058 r2  All tracts in Franklin, Cuyahoga, and Hamilton County.
MISS  g059 r2  All tracts in Marion, Hamilton, Lake, and Allen County.
MISS  g062 r2  All tracts in Hennepin, Ramsey, Dakota plus Anoka County.
MISS  g064 r2  Every tract in Franklin, Cuyahoga and Hamilton County.
MISS  g060 r2  All tracts in Cook plus DuPage County.
MISS  g063 r2  Every tract in King and Pierce County.
ok  g061 r2  All tracts in Wayne, Oakland plus Macomb County.
MISS  g066 r2  Every tract in Cook, and DuPage County.
MISS  g065 r2  Every tract in Marion, Hamilton, Lake and Allen County.
ok  g067 r2  Every tract in Wayne, Oakland, and Macomb County.
ok  g069 r2  Every tract in King plus Pierce County.
MISS  g068 r2  Every tract in Hennepin, Ramsey, Dakota, and Anoka County.
ok  g003 r3  All counties in Vermont, and Colorado.
MISS  g001 r3  All counties in Illinois, Iowa and Kansas.
MISS  g002 r3  All counties in Oregon, Idaho, Maine and Vermont.
ok  g000 r3  All counties in Ohio and Michigan.
{
  "cells": 70,
  "repeat": 3,
  "pass_rate": 0.681,
  "by_dimension": {
    "connector=and": 0.686,
    "connector=comma-and": 0.735,
    "connector=plus": 0.614,
    "level=county": 0.768,
    "level=tract": 0.375,
    "parent_count=2": 0.56,
    "parent_count=3": 0.787,
    "parent_count=4": 0.702,
    "verb=across": 0.833,
    "verb=all": 0.475,
    "verb=each": 0.889,
    "verb=every": 0.625,
    "verb=list": 0.722,
    "verb=within": 0.833
  }
}
MISS  g006 r3  All counties in Oregon plus Idaho.
ok  g007 r3  All counties in Vermont, Colorado plus Minnesota.
ok  g009 r3  Every county in Illinois and Iowa.
MISS  g008 r3  All counties in Ohio, Michigan, Indiana plus Illinois.
MISS  g012 r3  Every county in Ohio, and Michigan.
ok  g004 r3  All counties in Ohio, Michigan, and Indiana.
ok  g013 r3  Every county in Illinois, Iowa, and Kansas.
ok  g011 r3  Every county in Vermont, Colorado, Minnesota and Ohio.
ok  g010 r3  Every county in Oregon, Idaho and Maine.
ok  g005 r3  All counties in Illinois, Iowa, Kansas, and Oregon.
