ok  g001 r1  All counties in Illinois, Iowa and Kansas.
MISS  g006 r1  All counties in Oregon plus Idaho.
ok  g000 r1  All counties in Ohio and Michigan.
ok  g003 r1  All counties in Vermont, and Colorado.
ok  g004 r1  All counties in Ohio, Michigan, and Indiana.
ok  g007 r1  All counties in Vermont, Colorado plus Minnesota.
ok  g002 r1  All counties in Oregon, Idaho, Maine and Vermont.
ok  g005 r1  All counties in Illinois, Iowa, Kansas, and Oregon.
ok  g009 r1  Every county in Illinois and Iowa.
ok  g012 r1  Every county in Ohio, and Michigan.
ok  g008 r1  All counties in Ohio, Michigan, Indiana plus Illinois.
ok  g010 r1  Every county in Oregon, Idaho and Maine.
ok  g016 r1  Every county in Ohio, Michigan plus Indiana.
ok  g013 r1  Every county in Illinois, Iowa, and Kansas.
ok  g011 r1  Every county in Vermont, Colorado, Minnesota and Ohio.
ok  g014 r1  Every county in Oregon, Idaho, Maine, and Vermont.
MISS  g015 r1  Every county in Vermont plus Colorado.
ok  g022 r1  Show each county in Oregon, Idaho, and Maine.
ok  g019 r1  Show each county in Vermont, Colorado and Minnesota.
ok  g021 r1  Show each county in Illinois, and Iowa.
MISS  g017 r1  Every county in Illinois, Iowa, Kansas plus Oregon.
MISS  g018 r1  Show each county in Oregon and Idaho.
ok  g023 r1  Show each county in Vermont, Colorado, Minnesota, and Ohio.
MISS  g020 r1  Show each county in Ohio, Michigan, Indiana and Illinois.
{
  "cells": 70,
  "repeat": 3,
  "pass_rate": 0.792,
  "by_dimension": {
    "connector=and": 0.778,
    "connector=comma-and": 1.0,
    "connector=plus": 0.5,
    "level=county": 0.792,
    "parent_count=2": 0.625,
    "parent_count=3": 1.0,
    "parent_count=4": 0.75,
    "verb=all": 0.889,
    "verb=each": 0.667,
    "verb=every": 0.778
  }
}
ok  g027 r1  List the counties in Vermont and Colorado.
ok  g025 r1  Show each county in Illinois, Iowa plus Kansas.
ok  g028 r1  List the counties in Ohio, Michigan and Indiana.
MISS  g024 r1  Show each county in Ohio plus Michigan.
ok  g026 r1  Show each county in Oregon, Idaho, Maine plus Vermont.
MISS  g030 r1  List the counties in Oregon, and Idaho.
MISS  g029 r1  List the counties in Illinois, Iowa, Kansas and Oregon.
ok  g032 r1  List the counties in Ohio, Michigan, Indiana, and Illinois.
MISS  g033 r1  List the counties in Illinois plus Iowa.
ok  g031 r1  List the counties in Vermont, Colorado, and Minnesota.
ok  g034 r1  List the counties in Oregon, Idaho plus Maine.
ok  g036 r1  Show all counties within Ohio and Michigan.
ok  g035 r1  List the counties in Vermont, Colorado, Minnesota plus Ohio.
ok  g039 r1  Show all counties within Vermont, and Colorado.
ok  g037 r1  Show all counties within Illinois, Iowa and Kansas.
ok  g038 r1  Show all counties within Oregon, Idaho, Maine and Vermont.
ok  g040 r1  Show all counties within Ohio, Michigan, and Indiana.
ok  g041 r1  Show all counties within Illinois, Iowa, Kansas, and Oregon.
ok  g042 r1  Show all counties within Oregon plus Idaho.
ok  g043 r1  Show all counties within Vermont, Colorado plus Minnesota.
ok  g044 r1  Show all counties within Ohio, Michigan, Indiana plus Illinois.
MISS  g045 r1  Pull every county across Illinois and Iowa.
ok  g046 r1  Pull every county across Oregon, Idaho and Maine.
ok  g047 r1  Pull every county across Vermont, Colorado, Minnesota and Ohio.
{
  "cells": 70,
  "repeat": 3,
  "pass_rate": 0.792,
  "by_dimension": {
    "connector=and": 0.778,
    "connector=comma-and": 0.933,
    "connector=plus": 0.667,
    "level=county": 0.792,
    "parent_count=2": 0.562,
    "parent_count=3": 1.0,
    "parent_count=4": 0.812,
    "verb=across": 0.667,
    "verb=all": 0.889,
    "verb=each": 0.667,
    "verb=every": 0.778,
    "verb=list": 0.667,
    "verb=within": 1.0
  }
}
ok  g051 r1  Pull every county across Vermont plus Colorado.
ok  g049 r1  Pull every county across Illinois, Iowa, and Kansas.
ok  g048 r1  Pull every county across Ohio, and Michigan.
MISS  g052 r1  Pull every county across Ohio, Michigan plus Indiana.
ok  g050 r1  Pull every county across Oregon, Idaho, Maine, and Vermont.
ok  g054 r1  All tracts in Cook and DuPage County.
ok  g053 r1  Pull every county across Illinois, Iowa, Kansas plus Oregon.
ok  g057 r1  All tracts in King, and Pierce County.
ok  g056 r1  All tracts in Hennepin, Ramsey, Dakota and Anoka County.
ok  g055 r1  All tracts in Wayne, Oakland and Macomb County.
MISS  g058 r1  All tracts in Franklin, Cuyahoga, and Hamilton County.
ok  g060 r1  All tracts in Cook plus DuPage County.
ok  g061 r1  All tracts in Wayne, Oakland plus Macomb County.
ok  g062 r1  All tracts in Hennepin, Ramsey, Dakota plus Anoka County.
MISS  g059 r1  All tracts in Marion, Hamilton, Lake, and Allen County.
ok  g065 r1  Every tract in Marion, Hamilton, Lake and Allen County.
ok  g066 r1  Every tract in Cook, and DuPage County.
ok  g067 r1  Every tract in Wayne, Oakland, and Macomb County.
MISS  g068 r1  Every tract in Hennepin, Ramsey, Dakota, and Anoka County.
ok  g064 r1  Every tract in Franklin, Cuyahoga and Hamilton County.
ok  g000 r2  All counties in Ohio and Michigan.
MISS  g063 r1  Every tract in King and Pierce County.
ok  g069 r1  Every tract in King plus Pierce County.
ok  g001 r2  All counties in Illinois, Iowa and Kansas.
{
  "cells": 70,
  "repeat": 3,
  "pass_rate": 0.792,
  "by_dimension": {
    "connector=and": 0.808,
    "connector=comma-and": 0.833,
    "connector=plus": 0.727,
    "level=county": 0.804,
    "level=tract": 0.75,
    "parent_count=2": 0.68,
    "parent_count=3": 0.917,
    "parent_count=4": 0.783,
    "verb=across": 0.778,
    "verb=all": 0.85,
    "verb=each": 0.667,
    "verb=every": 0.75,
    "verb=list": 0.667,
    "verb=within": 1.0
  }
}
ok  g004 r2  All counties in Ohio, Michigan, and Indiana.
MISS  g003 r2  All counties in Vermont, and Colorado.
ok  g006 r2  All counties in Oregon plus Idaho.
ok  g007 r2  All counties in Vermont, Colorado plus Minnesota.
MISS  g002 r2  All counties in Oregon, Idaho, Maine and Vermont.
ok  g008 r2  All counties in Ohio, Michigan, Indiana plus Illinois.
ok  g005 r2  All counties in Illinois, Iowa, Kansas, and Oregon.
ok  g009 r2  Every county in Illinois and Iowa.
ok  g010 r2  Every county in Oregon, Idaho and Maine.
ok  g011 r2  Every county in Vermont, Colorado, Minnesota and Ohio.
ok  g016 r2  Every county in Ohio, Michigan plus Indiana.
MISS  g013 r2  Every county in Illinois, Iowa, and Kansas.
MISS  g015 r2  Every county in Vermont plus Colorado.
ok  g018 r2  Show each county in Oregon and Idaho.
ok  g017 r2  Every county in Illinois, Iowa, Kansas plus Oregon.
ok  g014 r2  Every county in Oregon, Idaho, Maine, and Vermont.
ok  g020 r2  Show each county in Ohio, Michigan, Indiana and Illinois.
MISS  g012 r2  Every county in Ohio, and Michigan.
ok  g023 r2  Show each county in Vermont, Colorado, Minnesota, and Ohio.
MISS  g024 r2  Show each county in Ohio plus Michigan.
MISS  g019 r2  Show each county in Vermont, Colorado and Minnesota.
MISS  g022 r2  Show each county in Oregon, Idaho, and Maine.
MISS  g021 r2  Show each county in Illinois, and Iowa.
ok  g025 r2  Show each county in Illinois, Iowa plus Kansas.
{
  "cells": 70,
  "repeat": 3,
  "pass_rate": 0.75,
  "by_dimension": {
    "connector=and": 0.788,
    "connector=comma-and": 0.727,
    "connector=plus": 0.733,
    "level=county": 0.75,
    "level=tract": 0.75,
    "parent_count=2": 0.606,
    "parent_count=3": 0.844,
    "parent_count=4": 0.806,
    "verb=across": 0.778,
    "verb=all": 0.815,
    "verb=each": 0.588,
    "verb=every": 0.72,
    "verb=list": 0.667,
    "verb=within": 1.0
  }
}
ok  g027 r2  List the counties in Vermont and Colorado.
ok  g028 r2  List the counties in Ohio, Michigan and Indiana.
ok  g031 r2  List the counties in Vermont, Colorado, and Minnesota.
ok  g026 r2  Show each county in Oregon, Idaho, Maine plus Vermont.
MISS  g030 r2  List the counties in Oregon, and Idaho.
ok  g034 r2  List the counties in Oregon, Idaho plus Maine.
ok  g029 r2  List the counties in Illinois, Iowa, Kansas and Oregon.
MISS  g032 r2  List the counties in Ohio, Michigan, Indiana, and Illinois.
MISS  g036 r2  Show all counties within Ohio and Michigan.
ok  g037 r2  Show all counties within Illinois, Iowa and Kansas.
ok  g033 r2  List the counties in Illinois plus Iowa.
ok  g038 r2  Show all counties within Oregon, Idaho, Maine and Vermont.
MISS  g035 r2  List the counties in Vermont, Colorado, Minnesota plus Ohio.
MISS  g039 r2  Show all counties within Vermont, and Colorado.
ok  g042 r2  Show all counties within Oregon plus Idaho.
ok  g041 r2  Show all counties within Illinois, Iowa, Kansas, and Oregon.
ok  g043 r2  Show all counties within Vermont, Colorado plus Minnesota.
ok  g045 r2  Pull every county across Illinois and Iowa.
ok  g044 r2  Show all counties within Ohio, Michigan, Indiana plus Illinois.
ok  g048 r2  Pull every county across Ohio, and Michigan.
ok  g046 r2  Pull every county across Oregon, Idaho and Maine.
MISS  g040 r2  Show all counties within Ohio, Michigan, and Indiana.
ok  g049 r2  Pull every county across Illinois, Iowa, and Kansas.
ok  g047 r2  Pull every county across Vermont, Colorado, Minnesota and Ohio.
{
  "cells": 70,
  "repeat": 3,
  "pass_rate": 0.75,
  "by_dimension": {
    "connector=and": 0.81,
    "connector=comma-and": 0.683,
    "connector=plus": 0.757,
    "level=county": 0.75,
    "level=tract": 0.75,
    "parent_count=2": 0.61,
    "parent_count=3": 0.85,
    "parent_count=4": 0.795,
    "verb=across": 0.857,
    "verb=all": 0.815,
    "verb=each": 0.611,
    "verb=every": 0.72,
    "verb=list": 0.667,
    "verb=within": 0.833
  }
}
ok  g050 r2  Pull every county across Oregon, Idaho, Maine, and Vermont.
ok  g052 r2  Pull every county across Ohio, Michigan plus Indiana.
MISS  g054 r2  All tracts in Cook and DuPage County.
ok  g051 r2  Pull every county across Vermont plus Colorado.
ok  g057 r2  All tracts in King, and Pierce County.
ok  g056 r2  All tracts in Hennepin, Ramsey, Dakota and Anoka County.
ok  g053 r2  Pull every county across Illinois, Iowa, Kansas plus Oregon.
MISS  g055 r2  All tracts in Wayne, Oakland and Macomb County.
MISS  g058 r2  All tracts in Franklin, Cuyahoga, and Hamilton County.
ok  g060 r2  All tracts in Cook plus DuPage County.
MISS  g059 r2  All tracts in Marion, Hamilton, Lake, and Allen County.
ok  g061 r2  All tracts in Wayne, Oakland plus Macomb County.
ok  g062 r2  All tracts in Hennepin, Ramsey, Dakota plus Anoka County.
ok  g064 r2  Every tract in Franklin, Cuyahoga and Hamilton County.
ok  g065 r2  Every tract in Marion, Hamilton, Lake and Allen County.
ok  g066 r2  Every tract in Cook, and DuPage County.
MISS  g067 r2  Every tract in Wayne, Oakland, and Macomb County.
MISS  g069 r2  Every tract in King plus Pierce County.
ok  g063 r2  Every tract in King and Pierce County.
ok  g068 r2  Every tract in Hennepin, Ramsey, Dakota, and Anoka County.
ok  g002 r3  All counties in Oregon, Idaho, Maine and Vermont.
ok  g001 r3  All counties in Illinois, Iowa and Kansas.
ok  g000 r3  All counties in Ohio and Michigan.
MISS  g003 r3  All counties in Vermont, and Colorado.
{
  "cells": 70,
  "repeat": 3,
  "pass_rate": 0.743,
  "by_dimension": {
    "connector=and": 0.804,
    "connector=comma-and": 0.653,
    "connector=plus": 0.773,
    "level=county": 0.759,
    "level=tract": 0.688,
    "parent_count=2": 0.62,
    "parent_count=3": 0.809,
    "parent_count=4": 0.809,
    "verb=across": 0.889,
    "verb=all": 0.75,
    "verb=each": 0.611,
    "verb=every": 0.719,
    "verb=list": 0.667,
    "verb=within": 0.833
  }
}
MISS  g006 r3  All counties in Oregon plus Idaho.
ok  g005 r3  All counties in Illinois, Iowa, Kansas, and Oregon.
ok  g009 r3  Every county in Illinois and Iowa.
MISS  g007 r3  All counties in Vermont, Colorado plus Minnesota.
ok  g010 r3  Every county in Oregon, Idaho and Maine.
ok  g012 r3  Every county in Ohio, and Michigan.
MISS  g008 r3  All counties in Ohio, Michigan, Indiana plus Illinois.
MISS  g011 r3  Every county in Vermont, Colorado, Minnesota and Ohio.
ok  g004 r3  All counties in Ohio, Michigan, and Indiana.
MISS  g015 r3  Every county in Vermont plus Colorado.
ok  g013 r3  Every county in Illinois, Iowa, and Kansas.
ok  g019 r3  Show each county in Vermont, Colorado and Minnesota.
ok  g018 r3  Show each county in Oregon and Idaho.
ok  g017 r3  Every county in Illinois, Iowa, Kansas plus Oregon.
ok  g016 r3  Every county in Ohio, Michigan plus Indiana.
ok  g020 r3  Show each county in Ohio, Michigan, Indiana and Illinois.
ok  g014 r3  Every county in Oregon, Idaho, Maine, and Vermont.
ok  g022 r3  Show each county in Oregon, Idaho, and Maine.
ok  g024 r3  Show each county in Ohio plus Michigan.
ok  g025 r3  Show each county in Illinois, Iowa plus Kansas.
ok  g023 r3  Show each county in Vermont, Colorado, Minnesota, and Ohio.
ok  g026 r3  Show each county in Oregon, Idaho, Maine plus Vermont.
MISS  g021 r3  Show each county in Illinois, and Iowa.
MISS  g027 r3  List the counties in Vermont and Colorado.
{
  "cells": 70,
  "repeat": 3,
  "pass_rate": 0.738,
  "by_dimension": {
    "connector=and": 0.793,
    "connector=comma-and": 0.684,
    "connector=plus": 0.736,
    "level=county": 0.75,
    "level=tract": 0.688,
    "parent_count=2": 0.603,
    "parent_count=3": 0.818,
    "parent_count=4": 0.8,
    "verb=across": 0.889,
    "verb=all": 0.711,
    "verb=each": 0.704,
    "verb=every": 0.732,
    "verb=list": 0.632,
    "verb=within": 0.833
  }
}
ok  g030 r3  List the counties in Oregon, and Idaho.
ok  g033 r3  List the counties in Illinois plus Iowa.
ok  g028 r3  List the counties in Ohio, Michigan and Indiana.
ok  g032 r3  List the counties in Ohio, Michigan, Indiana, and Illinois.
ok  g034 r3  List the counties in Oregon, Idaho plus Maine.
ok  g031 r3  List the counties in Vermont, Colorado, and Minnesota.
ok  g029 r3  List the counties in Illinois, Iowa, Kansas and Oregon.
ok  g035 r3  List the counties in Vermont, Colorado, Minnesota plus Ohio.
MISS  g039 r3  Show all counties within Vermont, and Colorado.
MISS  g036 r3  Show all counties within Ohio and Michigan.
ok  g040 r3  Show all counties within Ohio, Michigan, and Indiana.
ok  g038 r3  Show all counties within Oregon, Idaho, Maine and Vermont.
ok  g041 r3  Show all counties within Illinois, Iowa, Kansas, and Oregon.
ok  g042 r3  Show all counties within Oregon plus Idaho.
ok  g043 r3  Show all counties within Vermont, Colorado plus Minnesota.
MISS  g044 r3  Show all counties within Ohio, Michigan, Indiana plus Illinois.
ok  g046 r3  Pull every county across Oregon, Idaho and Maine.
ok  g047 r3  Pull every county across Vermont, Colorado, Minnesota and Ohio.
ok  g037 r3  Show all counties within Illinois, Iowa and Kansas.
ok  g048 r3  Pull every county across Ohio, and Michigan.
MISS  g045 r3  Pull every county across Illinois and Iowa.
MISS  g049 r3  Pull every county across Illinois, Iowa, and Kansas.
ok  g050 r3  Pull every county across Oregon, Idaho, Maine, and Vermont.
ok  g051 r3  Pull every county across Vermont plus Colorado.
{
  "cells": 70,
  "repeat": 3,
  "pass_rate": 0.745,
  "by_dimension": {
    "connector=and": 0.788,
    "connector=comma-and": 0.697,
    "connector=plus": 0.75,
    "level=county": 0.756,
    "level=tract": 0.688,
    "parent_count=2": 0.606,
    "parent_count=3": 0.825,
    "parent_count=4": 0.81,
    "verb=across": 0.84,
    "verb=all": 0.711,
    "verb=each": 0.704,
    "verb=every": 0.732,
    "verb=list": 0.741,
    "verb=within": 0.778
  }
}
MISS  g054 r3  All tracts in Cook and DuPage County.
ok  g057 r3  All tracts in King, and Pierce County.
MISS  g053 r3  Pull every county across Illinois, Iowa, Kansas plus Oregon.
MISS  g058 r3  All tracts in Franklin, Cuyahoga, and Hamilton County.
MISS  g060 r3  All tracts in Cook plus DuPage County.
ok  g056 r3  All tracts in Hennepin, Ramsey, Dakota and Anoka County.
MISS  g055 r3  All tracts in Wayne, Oakland and Macomb County.
ok  g061 r3  All tracts in Wayne, Oakland plus Macomb County.
MISS  g059 r3  All tracts in Marion, Hamilton, Lake, and Allen County.
ok  g063 r3  Every tract in King and Pierce County.
MISS  g062 r3  All tracts in Hennepin, Ramsey, Dakota plus Anoka County.
ok  g065 r3  Every tract in Marion, Hamilton, Lake and Allen County.
MISS  g064 r3  Every tract in Franklin, Cuyahoga and Hamilton County.
MISS  g052 r3  Pull every county across Ohio, Michigan plus Indiana.
MISS  g066 r3  Every tract in Cook, and DuPage County.
MISS  g068 r3  Every tract in Hennepin, Ramsey, Dakota, and Anoka County.
MISS  g069 r3  Every tract in King plus Pierce County.
MISS  g067 r3  Every tract in Wayne, Oakland, and Macomb County.
{
  "cells": 70,
  "repeat": 3,
  "pass_rate": 0.705,
  "by_dimension": {
    "connector=and": 0.764,
    "connector=comma-and": 0.653,
    "connector=plus": 0.697,
    "level=county": 0.747,
    "level=tract": 0.562,
    "parent_count=2": 0.583,
    "parent_count=3": 0.768,
    "parent_count=4": 0.768,
    "verb=across": 0.778,
    "verb=all": 0.648,
    "verb=each": 0.704,
    "verb=every": 0.667,
    "verb=list": 0.741,
    "verb=within": 0.778
  }
}
