ok  g000 r1  All counties in Ohio and Michigan.
ok  g003 r1  All counties in Vermont, and Colorado.
ok  g001 r1  All counties in Illinois, Iowa and Kansas.
ok  g004 r1  All counties in Ohio, Michigan, and Indiana.
ok  g007 r1  All counties in Vermont, Colorado plus Minnesota.
ok  g005 r1  All counties in Illinois, Iowa, Kansas, and Oregon.
ok  g002 r1  All counties in Oregon, Idaho, Maine and Vermont.
MISS  g006 r1  All counties in Oregon plus Idaho.
ok  g008 r1  All counties in Ohio, Michigan, Indiana plus Illinois.
ok  g009 r1  Every county in Illinois and Iowa.
ok  g010 r1  Every county in Oregon, Idaho and Maine.
ok  g012 r1  Every county in Ohio, and Michigan.
MISS  g015 r1  Every county in Vermont plus Colorado.
ok  g011 r1  Every county in Vermont, Colorado, Minnesota and Ohio.
ok  g016 r1  Every county in Ohio, Michigan plus Indiana.
ok  g018 r1  Show each county in Oregon and Idaho.
ok  g014 r1  Every county in Oregon, Idaho, Maine, and Vermont.
ok  g017 r1  Every county in Illinois, Iowa, Kansas plus Oregon.
ok  g013 r1  Every county in Illinois, Iowa, and Kansas.
ok  g019 r1  Show each county in Vermont, Colorado and Minnesota.
ok  g021 r1  Show each county in Illinois, and Iowa.
ok  g020 r1  Show each county in Ohio, Michigan, Indiana and Illinois.
ok  g022 r1  Show each county in Oregon, Idaho, and Maine.
MISS  g023 r1  Show each county in Vermont, Colorado, Minnesota, and Ohio.
{
  "cells": 70,
  "repeat": 3,
  "pass_rate": 0.875,
  "by_dimension": {
    "connector=and": 1.0,
    "connector=comma-and": 0.889,
    "connector=plus": 0.667,
    "level=county": 0.875,
    "parent_count=2": 0.75,
    "parent_count=3": 1.0,
    "parent_count=4": 0.875,
    "verb=all": 0.889,
    "verb=each": 0.833,
    "verb=every": 0.889
  }
}
ok  g024 r1  Show each county in Ohio plus Michigan.
ok  g026 r1  Show each county in Oregon, Idaho, Maine plus Vermont.
ok  g025 r1  Show each county in Illinois, Iowa plus Kansas.
ok  g029 r1  List the counties in Illinois, Iowa, Kansas and Oregon.
ok  g028 r1  List the counties in Ohio, Michigan and Indiana.
ok  g031 r1  List the counties in Vermont, Colorado, and Minnesota.
ok  g030 r1  List the counties in Oregon, and Idaho.
MISS  g027 r1  List the counties in Vermont and Colorado.
ok  g033 r1  List the counties in Illinois plus Iowa.
ok  g032 r1  List the counties in Ohio, Michigan, Indiana, and Illinois.
ok  g038 r1  Show all counties within Oregon, Idaho, Maine and Vermont.
ok  g037 r1  Show all counties within Illinois, Iowa and Kansas.
ok  g035 r1  List the counties in Vermont, Colorado, Minnesota plus Ohio.
ok  g036 r1  Show all counties within Ohio and Michigan.
MISS  g034 r1  List the counties in Oregon, Idaho plus Maine.
MISS  g042 r1  Show all counties within Oregon plus Idaho.
ok  g040 r1  Show all counties within Ohio, Michigan, and Indiana.
ok  g039 r1  Show all counties within Vermont, and Colorado.
ok  g047 r1  Pull every county across Vermont, Colorado, Minnesota and Ohio.
ok  g044 r1  Show all counties within Ohio, Michigan, Indiana plus Illinois.
ok  g046 r1  Pull every county across Oregon, Idaho and Maine.
ok  g041 r1  Show all counties within Illinois, Iowa, Kansas, and Oregon.
ok  g043 r1  Show all counties within Vermont, Colorado plus Minnesota.
MISS  g045 r1  Pull every county across Illinois and Iowa.
{
  "cells": 70,
  "repeat": 3,
  "pass_rate": 0.854,
  "by_dimension": {
    "connector=and": 0.889,
    "connector=comma-and": 0.933,
    "connector=plus": 0.733,
    "level=county": 0.854,
    "parent_count=2": 0.688,
    "parent_count=3": 0.938,
    "parent_count=4": 0.938,
    "verb=across": 0.667,
    "verb=all": 0.889,
    "verb=each": 0.889,
    "verb=every": 0.889,
    "verb=list": 0.778,
    "verb=within": 0.889
  }
}
ok  g050 r1  Pull every county across Oregon, Idaho, Maine, and Vermont.
ok  g053 r1  Pull every county across Illinois, Iowa, Kansas plus Oregon.
ok  g048 r1  Pull every county across Ohio, and Michigan.
ok  g052 r1  Pull every county across Ohio, Michigan plus Indiana.
ok  g054 r1  All tracts in Cook and DuPage County.
ok  g051 r1  Pull every county across Vermont plus Colorado.
ok  g056 r1  All tracts in Hennepin, Ramsey, Dakota and Anoka County.
ok  g049 r1  Pull every county across Illinois, Iowa, and Kansas.
ok  g055 r1  All tracts in Wayne, Oakland and Macomb County.
ok  g058 r1  All tracts in Franklin, Cuyahoga, and Hamilton County.
ok  g061 r1  All tracts in Wayne, Oakland plus Macomb County.
MISS  g057 r1  All tracts in King, and Pierce County.
MISS  g059 r1  All tracts in Marion, Hamilton, Lake, and Allen County.
MISS  g063 r1  Every tract in King and Pierce County.
ok  g065 r1  Every tract in Marion, Hamilton, Lake and Allen County.
ok  g067 r1  Every tract in Wayne, Oakland, and Macomb County.
MISS  g066 r1  Every tract in Cook, and DuPage County.
ok  g062 r1  All tracts in Hennepin, Ramsey, Dakota plus Anoka County.
ok  g064 r1  Every tract in Franklin, Cuyahoga and Hamilton County.
ok  g061 r1  All tracts in Wayne, Oakland plus Macomb County.
ok  g060 r1  All tracts in Cook plus DuPage County.
ok  g064 r1  Every tract in Franklin, Cuyahoga and Hamilton County.
ok  g062 r1  All tracts in Hennepin, Ramsey, Dakota plus Anoka County.
ok  g065 r1  Every tract in Marion, Hamilton, Lake and Allen County.
ok  g069 r1  Every tract in King plus Pierce County.
MISS  g063 r1  Every tract in King and Pierce County.
ok  g066 r1  Every tract in Cook, and DuPage County.
ok  g000 r2  All counties in Ohio and Michigan.
MISS  g067 r1  Every tract in Wayne, Oakland, and Macomb County.
ok  g002 r2  All counties in Oregon, Idaho, Maine and Vermont.
ok  g068 r1  Every tract in Hennepin, Ramsey, Dakota, and Anoka County.
ok  g003 r2  All counties in Vermont, and Colorado.
ok  g004 r2  All counties in Ohio, Michigan, and Indiana.
ok  g005 r2  All counties in Illinois, Iowa, Kansas, and Oregon.
ok  g006 r2  All counties in Oregon plus Idaho.
ok  g008 r2  All counties in Ohio, Michigan, Indiana plus Illinois.
MISS  g007 r2  All counties in Vermont, Colorado plus Minnesota.
ok  g001 r2  All counties in Illinois, Iowa and Kansas.
ok  g003 r2  All counties in Vermont, and Colorado.
MISS  g006 r2  All counties in Oregon plus Idaho.
MISS  g004 r2  All counties in Ohio, Michigan, and Indiana.
ok  g005 r2  All counties in Illinois, Iowa, Kansas, and Oregon.
MISS  g002 r2  All counties in Oregon, Idaho, Maine and Vermont.
ok  g007 r2  All counties in Vermont, Colorado plus Minnesota.
ok  g008 r2  All counties in Ohio, Michigan, Indiana plus Illinois.
ok  g009 r2  Every county in Illinois and Iowa.
ok  g012 r2  Every county in Ohio, and Michigan.
MISS  g011 r2  Every county in Vermont, Colorado, Minnesota and Ohio.
ok  g010 r2  Every county in Oregon, Idaho and Maine.
ok  g014 r2  Every county in Oregon, Idaho, Maine, and Vermont.
ok  g015 r2  Every county in Vermont plus Colorado.
ok  g018 r2  Show each county in Oregon and Idaho.
ok  g013 r2  Every county in Illinois, Iowa, and Kansas.
ok  g016 r2  Every county in Ohio, Michigan plus Indiana.
ok  g020 r2  Show each county in Ohio, Michigan, Indiana and Illinois.
ok  g021 r2  Show each county in Illinois, and Iowa.
ok  g017 r2  Every county in Illinois, Iowa, Kansas plus Oregon.
ok  g019 r2  Show each county in Vermont, Colorado and Minnesota.
ok  g022 r2  Show each county in Oregon, Idaho, and Maine.
ok  g023 r2  Show each county in Vermont, Colorado, Minnesota, and Ohio.
ok  g024 r2  Show each county in Ohio plus Michigan.
{
  "cells": 70,
  "repeat": 3,
  "pass_rate": 0.842,
  "by_dimension": {
    "connector=and": 0.848,
    "connector=comma-and": 0.848,
    "connector=plus": 0.828,
    "level=county": 0.861,
    "level=tract": 0.75,
    "parent_count=2": 0.758,
    "parent_count=3": 0.903,
    "parent_count=4": 0.871,
    "verb=across": 0.889,
    "verb=all": 0.778,
    "verb=each": 0.938,
    "verb=every": 0.84,
    "verb=list": 0.778,
    "verb=within": 0.889
  }
}
ok  g030 r2  List the counties in Oregon, and Idaho.
ok  g028 r2  List the counties in Ohio, Michigan and Indiana.
ok  g025 r2  Show each county in Illinois, Iowa plus Kansas.
ok  g026 r2  Show each county in Oregon, Idaho, Maine plus Vermont.
ok  g033 r2  List the counties in Illinois plus Iowa.
ok  g027 r2  List the counties in Vermont and Colorado.
ok  g031 r2  List the counties in Vermont, Colorado, and Minnesota.
ok  g029 r2  List the counties in Illinois, Iowa, Kansas and Oregon.
ok  g032 r2  List the counties in Ohio, Michigan, Indiana, and Illinois.
ok  g036 r2  Show all counties within Ohio and Michigan.
ok  g034 r2  List the counties in Oregon, Idaho plus Maine.
ok  g035 r2  List the counties in Vermont, Colorado, Minnesota plus Ohio.
ok  g037 r2  Show all counties within Illinois, Iowa and Kansas.
ok  g039 r2  Show all counties within Vermont, and Colorado.
MISS  g042 r2  Show all counties within Oregon plus Idaho.
ok  g040 r2  Show all counties within Ohio, Michigan, and Indiana.
ok  g038 r2  Show all counties within Oregon, Idaho, Maine and Vermont.
ok  g041 r2  Show all counties within Illinois, Iowa, Kansas, and Oregon.
MISS  g047 r2  Pull every county across Vermont, Colorado, Minnesota and Ohio.
ok  g046 r2  Pull every county across Oregon, Idaho and Maine.
ok  g048 r2  Pull every county across Ohio, and Michigan.
MISS  g045 r2  Pull every county across Illinois and Iowa.
ok  g043 r2  Show all counties within Vermont, Colorado plus Minnesota.
ok  g044 r2  Show all counties within Ohio, Michigan, Indiana plus Illinois.
{
  "cells": 70,
  "repeat": 3,
  "pass_rate": 0.849,
  "by_dimension": {
    "connector=and": 0.833,
    "connector=comma-and": 0.875,
    "connector=plus": 0.838,
    "level=county": 0.864,
    "level=tract": 0.75,
    "parent_count=2": 0.756,
    "parent_count=3": 0.923,
    "parent_count=4": 0.872,
    "verb=across": 0.769,
    "verb=all": 0.778,
    "verb=each": 0.944,
    "verb=every": 0.84,
    "verb=list": 0.889,
    "verb=within": 0.889
  }
}
ok  g049 r2  Pull every county across Illinois, Iowa, and Kansas.
ok  g054 r2  All tracts in Cook and DuPage County.
ok  g053 r2  Pull every county across Illinois, Iowa, Kansas plus Oregon.
ok  g052 r2  Pull every county across Ohio, Michigan plus Indiana.
ok  g056 r2  All tracts in Hennepin, Ramsey, Dakota and Anoka County.
MISS  g050 r2  Pull every county across Oregon, Idaho, Maine, and Vermont.
MISS  g058 r2  All tracts in Franklin, Cuyahoga, and Hamilton County.
ok  g051 r2  Pull every county across Vermont plus Colorado.
ok  g057 r2  All tracts in King, and Pierce County.
MISS  g055 r2  All tracts in Wayne, Oakland and Macomb County.
ok  g061 r2  All tracts in Wayne, Oakland plus Macomb County.
ok  g062 r2  All tracts in Hennepin, Ramsey, Dakota plus Anoka County.
ok  g060 r2  All tracts in Cook plus DuPage County.
ok  g059 r2  All tracts in Marion, Hamilton, Lake, and Allen County.
ok  g064 r2  Every tract in Franklin, Cuyahoga and Hamilton County.
ok  g066 r2  Every tract in Cook, and DuPage County.
ok  g065 r2  Every tract in Marion, Hamilton, Lake and Allen County.
MISS  g063 r2  Every tract in King and Pierce County.
ok  g068 r2  Every tract in Hennepin, Ramsey, Dakota, and Anoka County.
ok  g000 r3  All counties in Ohio and Michigan.
ok  g067 r2  Every tract in Wayne, Oakland, and Macomb County.
ok  g069 r2  Every tract in King plus Pierce County.
ok  g002 r3  All counties in Oregon, Idaho, Maine and Vermont.
ok  g001 r3  All counties in Illinois, Iowa and Kansas.
{
  "cells": 70,
  "repeat": 3,
  "pass_rate": 0.846,
  "by_dimension": {
    "connector=and": 0.824,
    "connector=comma-and": 0.854,
    "connector=plus": 0.864,
    "level=county": 0.865,
    "level=tract": 0.781,
    "parent_count=2": 0.776,
    "parent_count=3": 0.894,
    "parent_count=4": 0.872,
    "verb=across": 0.778,
    "verb=all": 0.795,
    "verb=each": 0.944,
    "verb=every": 0.844,
    "verb=list": 0.889,
    "verb=within": 0.889
  }
}
ok  g007 r3  All counties in Vermont, Colorado plus Minnesota.
ok  g008 r3  All counties in Ohio, Michigan, Indiana plus Illinois.
ok  g005 r3  All counties in Illinois, Iowa, Kansas, and Oregon.
ok  g009 r3  Every county in Illinois and Iowa.
ok  g006 r3  All counties in Oregon plus Idaho.
ok  g003 r3  All counties in Vermont, and Colorado.
ok  g004 r3  All counties in Ohio, Michigan, and Indiana.
ok  g012 r3  Every county in Ohio, and Michigan.
ok  g011 r3  Every county in Vermont, Colorado, Minnesota and Ohio.
ok  g013 r3  Every county in Illinois, Iowa, and Kansas.
MISS  g015 r3  Every county in Vermont plus Colorado.
ok  g019 r3  Show each county in Vermont, Colorado and Minnesota.
ok  g010 r3  Every county in Oregon, Idaho and Maine.
ok  g016 r3  Every county in Ohio, Michigan plus Indiana.
ok  g014 r3  Every county in Oregon, Idaho, Maine, and Vermont.
ok  g021 r3  Show each county in Illinois, and Iowa.
ok  g017 r3  Every county in Illinois, Iowa, Kansas plus Oregon.
ok  g018 r3  Show each county in Oregon and Idaho.
ok  g023 r3  Show each county in Vermont, Colorado, Minnesota, and Ohio.
ok  g024 r3  Show each county in Ohio plus Michigan.
ok  g020 r3  Show each county in Ohio, Michigan, Indiana and Illinois.
ok  g022 r3  Show each county in Oregon, Idaho, and Maine.
ok  g025 r3  Show each county in Illinois, Iowa plus Kansas.
ok  g026 r3  Show each county in Oregon, Idaho, Maine plus Vermont.
{
  "cells": 70,
  "repeat": 3,
  "pass_rate": 0.862,
  "by_dimension": {
    "connector=and": 0.842,
    "connector=comma-and": 0.877,
    "connector=plus": 0.868,
    "level=county": 0.881,
    "level=tract": 0.781,
    "parent_count=2": 0.789,
    "parent_count=3": 0.909,
    "parent_count=4": 0.891,
    "verb=across": 0.778,
    "verb=all": 0.822,
    "verb=each": 0.963,
    "verb=every": 0.854,
    "verb=list": 0.889,
    "verb=within": 0.889
  }
}
ok  g030 r3  List the counties in Oregon, and Idaho.
ok  g028 r3  List the counties in Ohio, Michigan and Indiana.
ok  g029 r3  List the counties in Illinois, Iowa, Kansas and Oregon.
ok  g031 r3  List the counties in Vermont, Colorado, and Minnesota.
MISS  g027 r3  List the counties in Vermont and Colorado.
MISS  g032 r3  List the counties in Ohio, Michigan, Indiana, and Illinois.
ok  g036 r3  Show all counties within Ohio and Michigan.
ok  g038 r3  Show all counties within Oregon, Idaho, Maine and Vermont.
ok  g034 r3  List the counties in Oregon, Idaho plus Maine.
MISS  g035 r3  List the counties in Vermont, Colorado, Minnesota plus Ohio.
ok  g033 r3  List the counties in Illinois plus Iowa.
ok  g037 r3  Show all counties within Illinois, Iowa and Kansas.
ok  g040 r3  Show all counties within Ohio, Michigan, and Indiana.
ok  g043 r3  Show all counties within Vermont, Colorado plus Minnesota.
ok  g044 r3  Show all counties within Ohio, Michigan, Indiana plus Illinois.
ok  g042 r3  Show all counties within Oregon plus Idaho.
ok  g047 r3  Pull every county across Vermont, Colorado, Minnesota and Ohio.
ok  g041 r3  Show all counties within Illinois, Iowa, Kansas, and Oregon.
ok  g039 r3  Show all counties within Vermont, and Colorado.
ok  g046 r3  Pull every county across Oregon, Idaho and Maine.
ok  g048 r3  Pull every county across Ohio, and Michigan.
ok  g045 r3  Pull every county across Illinois and Iowa.
ok  g049 r3  Pull every county across Illinois, Iowa, and Kansas.
ok  g050 r3  Pull every county across Oregon, Idaho, Maine, and Vermont.
{
  "cells": 70,
  "repeat": 3,
  "pass_rate": 0.864,
  "by_dimension": {
    "connector=and": 0.848,
    "connector=comma-and": 0.879,
    "connector=plus": 0.864,
    "level=county": 0.881,
    "level=tract": 0.781,
    "parent_count=2": 0.8,
    "parent_count=3": 0.921,
    "parent_count=4": 0.873,
    "verb=across": 0.833,
    "verb=all": 0.822,
    "verb=each": 0.963,
    "verb=every": 0.854,
    "verb=list": 0.815,
    "verb=within": 0.926
  }
}
MISS  g051 r3  Pull every county across Vermont plus Colorado.
MISS  g055 r3  All tracts in Wayne, Oakland and Macomb County.
ok  g054 r3  All tracts in Cook and DuPage County.
ok  g052 r3  Pull every county across Ohio, Michigan plus Indiana.
ok  g056 r3  All tracts in Hennepin, Ramsey, Dakota and Anoka County.
ok  g057 r3  All tracts in King, and Pierce County.
MISS  g053 r3  Pull every county across Illinois, Iowa, Kansas plus Oregon.
MISS  g060 r3  All tracts in Cook plus DuPage County.
ok  g061 r3  All tracts in Wayne, Oakland plus Macomb County.
MISS  g062 r3  All tracts in Hennepin, Ramsey, Dakota plus Anoka County.
ok  g059 r3  All tracts in Marion, Hamilton, Lake, and Allen County.
ok  g064 r3  Every tract in Franklin, Cuyahoga and Hamilton County.
MISS  g063 r3  Every tract in King and Pierce County.
ok  g058 r3  All tracts in Franklin, Cuyahoga, and Hamilton County.
ok  g066 r3  Every tract in Cook, and DuPage County.
MISS  g065 r3  Every tract in Marion, Hamilton, Lake and Allen County.
MISS  g069 r3  Every tract in King plus Pierce County.
MISS  g067 r3  Every tract in Wayne, Oakland, and Macomb County.
ok  g068 r3  Every tract in Hennepin, Ramsey, Dakota, and Anoka County.
{
  "cells": 70,
  "repeat": 3,
  "pass_rate": 0.833,
  "by_dimension": {
    "connector=and": 0.819,
    "connector=comma-and": 0.875,
    "connector=plus": 0.803,
    "level=county": 0.87,
    "level=tract": 0.708,
    "parent_count=2": 0.764,
    "parent_count=3": 0.899,
    "parent_count=4": 0.841,
    "verb=across": 0.778,
    "verb=all": 0.796,
    "verb=each": 0.963,
    "verb=every": 0.792,
    "verb=list": 0.815,
    "verb=within": 0.926
  }
}
