MISS  g057 r1  All tracts in King, and Pierce County.
ok  g056 r1  All tracts in Hennepin, Ramsey, Dakota and Anoka County.
ok  g058 r1  All tracts in Franklin, Cuyahoga, and Hamilton County.
ok  g059 r1  All tracts in Marion, Hamilton, Lake, and Allen County.
ok  g061 r1  All tracts in Wayne, Oakland plus Macomb County.
ok  g060 r1  All tracts in Cook plus DuPage County.
ok  g054 r1  All tracts in Cook and DuPage County.
ok  g062 r1  All tracts in Hennepin, Ramsey, Dakota plus Anoka County.
ok  g055 r1  All tracts in Wayne, Oakland and Macomb County.
ok  g063 r1  Every tract in King and Pierce County.
ok  g064 r1  Every tract in Franklin, Cuyahoga and Hamilton County.
ok  g066 r1  Every tract in Cook, and DuPage County.
ok  g065 r1  Every tract in Marion, Hamilton, Lake and Allen County.
MISS  g055 r2  All tracts in Wayne, Oakland and Macomb County.
ok  g069 r1  Every tract in King plus Pierce County.
ok  g054 r2  All tracts in Cook and DuPage County.
ok  g068 r1  Every tract in Hennepin, Ramsey, Dakota, and Anoka County.
ok  g057 r2  All tracts in King, and Pierce County.
ok  g067 r1  Every tract in Wayne, Oakland, and Macomb County.
ok  g060 r2  All tracts in Cook plus DuPage County.
ok  g056 r2  All tracts in Hennepin, Ramsey, Dakota and Anoka County.
ok  g058 r2  All tracts in Franklin, Cuyahoga, and Hamilton County.
ok  g061 r2  All tracts in Wayne, Oakland plus Macomb County.
ok  g059 r2  All tracts in Marion, Hamilton, Lake, and Allen County.
{
  "cells": 16,
  "repeat": 3,
  "trials": 24,
  "expected_trials": 48,
  "complete": false,
  "pass_rate": 0.917,
  "by_dimension": {
    "connector=and": 0.889,
    "connector=comma-and": 0.889,
    "connector=plus": 1.0,
    "level=tract": 0.917,
    "parent_count=2": 0.889,
    "parent_count=3": 0.875,
    "parent_count=4": 1.0,
    "verb=all": 0.882,
    "verb=every": 1.0
  }
}
PARTIAL: 24 of 48 trials. Rerun the same command to continue.
ok  g063 r2  Every tract in King and Pierce County.
ok  g065 r2  Every tract in Marion, Hamilton, Lake and Allen County.
ok  g062 r2  All tracts in Hennepin, Ramsey, Dakota plus Anoka County.
ok  g066 r2  Every tract in Cook, and DuPage County.
ok  g064 r2  Every tract in Franklin, Cuyahoga and Hamilton County.
ok  g067 r2  Every tract in Wayne, Oakland, and Macomb County.
ok  g056 r3  All tracts in Hennepin, Ramsey, Dakota and Anoka County.
ok  g069 r2  Every tract in King plus Pierce County.
ok  g055 r3  All tracts in Wayne, Oakland and Macomb County.
ok  g068 r2  Every tract in Hennepin, Ramsey, Dakota, and Anoka County.
ok  g054 r3  All tracts in Cook and DuPage County.
ok  g057 r3  All tracts in King, and Pierce County.
ok  g060 r3  All tracts in Cook plus DuPage County.
ok  g058 r3  All tracts in Franklin, Cuyahoga, and Hamilton County.
MISS  g059 r3  All tracts in Marion, Hamilton, Lake, and Allen County.
ok  g061 r3  All tracts in Wayne, Oakland plus Macomb County.
ok  g062 r3  All tracts in Hennepin, Ramsey, Dakota plus Anoka County.
ok  g066 r3  Every tract in Cook, and DuPage County.
MISS  g063 r3  Every tract in King and Pierce County.
MISS  g064 r3  Every tract in Franklin, Cuyahoga and Hamilton County.
ok  g069 r3  Every tract in King plus Pierce County.
ok  g065 r3  Every tract in Marion, Hamilton, Lake and Allen County.
ok  g068 r3  Every tract in Hennepin, Ramsey, Dakota, and Anoka County.
ok  g067 r3  Every tract in Wayne, Oakland, and Macomb County.
{
  "cells": 16,
  "repeat": 3,
  "trials": 48,
  "expected_trials": 48,
  "complete": true,
  "pass_rate": 0.896,
  "by_dimension": {
    "connector=and": 0.833,
    "connector=comma-and": 0.889,
    "connector=plus": 1.0,
    "level=tract": 0.896,
    "parent_count=2": 0.889,
    "parent_count=3": 0.867,
    "parent_count=4": 0.933,
    "verb=all": 0.889,
    "verb=every": 0.905
  }
}
