ok  g001 r1  All counties in Illinois, Iowa and Kansas.
ok  g003 r1  All counties in Vermont, and Colorado.
ok  g004 r1  All counties in Ohio, Michigan, and Indiana.
ok  g000 r1  All counties in Ohio and Michigan.
ok  g007 r1  All counties in Vermont, Colorado plus Minnesota.
ok  g005 r1  All counties in Illinois, Iowa, Kansas, and Oregon.
MISS  g006 r1  All counties in Oregon plus Idaho.
ok  g008 r1  All counties in Ohio, Michigan, Indiana plus Illinois.
ok  g002 r1  All counties in Oregon, Idaho, Maine and Vermont.
ok  g009 r1  Every county in Illinois and Iowa.
MISS  g015 r1  Every county in Vermont plus Colorado.
ok  g010 r1  Every county in Oregon, Idaho and Maine.
ok  g012 r1  Every county in Ohio, and Michigan.
MISS  g013 r1  Every county in Illinois, Iowa, and Kansas.
MISS  g011 r1  Every county in Vermont, Colorado, Minnesota and Ohio.
ok  g014 r1  Every county in Oregon, Idaho, Maine, and Vermont.
ok  g016 r1  Every county in Ohio, Michigan plus Indiana.
ok  g021 r1  Show each county in Illinois, and Iowa.
ok  g020 r1  Show each county in Ohio, Michigan, Indiana and Illinois.
MISS  g017 r1  Every county in Illinois, Iowa, Kansas plus Oregon.
ok  g022 r1  Show each county in Oregon, Idaho, and Maine.
MISS  g018 r1  Show each county in Oregon and Idaho.
MISS  g019 r1  Show each county in Vermont, Colorado and Minnesota.
MISS  g023 r1  Show each county in Vermont, Colorado, Minnesota, and Ohio.
{
  "cells": 70,
  "repeat": 3,
  "pass_rate": 0.667,
  "by_dimension": {
    "connector=and": 0.667,
    "connector=comma-and": 0.778,
    "connector=plus": 0.5,
    "level=county": 0.667,
    "parent_count=2": 0.625,
    "parent_count=3": 0.75,
    "parent_count=4": 0.625,
    "verb=all": 0.889,
    "verb=each": 0.5,
    "verb=every": 0.556
  }
}
ok  g028 r1  List the counties in Ohio, Michigan and Indiana.
ok  g025 r1  Show each county in Illinois, Iowa plus Kansas.
MISS  g029 r1  List the counties in Illinois, Iowa, Kansas and Oregon.
MISS  g026 r1  Show each county in Oregon, Idaho, Maine plus Vermont.
MISS  g027 r1  List the counties in Vermont and Colorado.
ok  g024 r1  Show each county in Ohio plus Michigan.
ok  g030 r1  List the counties in Oregon, and Idaho.
ok  g034 r1  List the counties in Oregon, Idaho plus Maine.
ok  g032 r1  List the counties in Ohio, Michigan, Indiana, and Illinois.
ok  g031 r1  List the counties in Vermont, Colorado, and Minnesota.
ok  g036 r1  Show all counties within Ohio and Michigan.
MISS  g033 r1  List the counties in Illinois plus Iowa.
ok  g035 r1  List the counties in Vermont, Colorado, Minnesota plus Ohio.
MISS  g037 r1  Show all counties within Illinois, Iowa and Kansas.
ok  g038 r1  Show all counties within Oregon, Idaho, Maine and Vermont.
ok  g040 r1  Show all counties within Ohio, Michigan, and Indiana.
MISS  g039 r1  Show all counties within Vermont, and Colorado.
ok  g045 r1  Pull every county across Illinois and Iowa.
ok  g043 r1  Show all counties within Vermont, Colorado plus Minnesota.
ok  g042 r1  Show all counties within Oregon plus Idaho.
ok  g041 r1  Show all counties within Illinois, Iowa, Kansas, and Oregon.
ok  g044 r1  Show all counties within Ohio, Michigan, Indiana plus Illinois.
ok  g046 r1  Pull every county across Oregon, Idaho and Maine.
MISS  g047 r1  Pull every county across Vermont, Colorado, Minnesota and Ohio.
{
  "cells": 70,
  "repeat": 3,
  "pass_rate": 0.688,
  "by_dimension": {
    "connector=and": 0.611,
    "connector=comma-and": 0.8,
    "connector=plus": 0.667,
    "level=county": 0.688,
    "parent_count=2": 0.625,
    "parent_count=3": 0.812,
    "parent_count=4": 0.625,
    "verb=across": 0.667,
    "verb=all": 0.889,
    "verb=each": 0.556,
    "verb=every": 0.556,
    "verb=list": 0.667,
    "verb=within": 0.778
  }
}
ok  g050 r1  Pull every county across Oregon, Idaho, Maine, and Vermont.
ok  g048 r1  Pull every county across Ohio, and Michigan.
ok  g052 r1  Pull every county across Ohio, Michigan plus Indiana.
ok  g051 r1  Pull every county across Vermont plus Colorado.
ok  g053 r1  Pull every county across Illinois, Iowa, Kansas plus Oregon.
ok  g054 r1  All tracts in Cook and DuPage County.
ok  g049 r1  Pull every county across Illinois, Iowa, and Kansas.
ok  g057 r1  All tracts in King, and Pierce County.
MISS  g055 r1  All tracts in Wayne, Oakland and Macomb County.
MISS  g059 r1  All tracts in Marion, Hamilton, Lake, and Allen County.
MISS  g060 r1  All tracts in Cook plus DuPage County.
MISS  g056 r1  All tracts in Hennepin, Ramsey, Dakota and Anoka County.
MISS  g061 r1  All tracts in Wayne, Oakland plus Macomb County.
MISS  g058 r1  All tracts in Franklin, Cuyahoga, and Hamilton County.
MISS  g062 r1  All tracts in Hennepin, Ramsey, Dakota plus Anoka County.
MISS  g067 r1  Every tract in Wayne, Oakland, and Macomb County.
ok  g065 r1  Every tract in Marion, Hamilton, Lake and Allen County.
ok  g064 r1  Every tract in Franklin, Cuyahoga and Hamilton County.
MISS  g063 r1  Every tract in King and Pierce County.
MISS  g066 r1  Every tract in Cook, and DuPage County.
MISS  g000 r2  All counties in Ohio and Michigan.
MISS  g069 r1  Every tract in King plus Pierce County.
MISS  g068 r1  Every tract in Hennepin, Ramsey, Dakota, and Anoka County.
ok  g001 r2  All counties in Illinois, Iowa and Kansas.
{
  "cells": 70,
  "repeat": 3,
  "pass_rate": 0.611,
  "by_dimension": {
    "connector=and": 0.577,
    "connector=comma-and": 0.667,
    "connector=plus": 0.591,
    "level=county": 0.714,
    "level=tract": 0.25,
    "parent_count=2": 0.56,
    "parent_count=3": 0.708,
    "parent_count=4": 0.565,
    "verb=across": 0.889,
    "verb=all": 0.55,
    "verb=each": 0.556,
    "verb=every": 0.438,
    "verb=list": 0.667,
    "verb=within": 0.778
  }
}
MISS  g005 r2  All counties in Illinois, Iowa, Kansas, and Oregon.
MISS  g006 r2  All counties in Oregon plus Idaho.
ok  g007 r2  All counties in Vermont, Colorado plus Minnesota.
ok  g003 r2  All counties in Vermont, and Colorado.
ok  g004 r2  All counties in Ohio, Michigan, and Indiana.
ok  g002 r2  All counties in Oregon, Idaho, Maine and Vermont.
ok  g008 r2  All counties in Ohio, Michigan, Indiana plus Illinois.
MISS  g009 r2  Every county in Illinois and Iowa.
MISS  g012 r2  Every county in Ohio, and Michigan.
ok  g011 r2  Every county in Vermont, Colorado, Minnesota and Ohio.
MISS  g015 r2  Every county in Vermont plus Colorado.
MISS  g010 r2  Every county in Oregon, Idaho and Maine.
ok  g014 r2  Every county in Oregon, Idaho, Maine, and Vermont.
ok  g013 r2  Every county in Illinois, Iowa, and Kansas.
ok  g019 r2  Show each county in Vermont, Colorado and Minnesota.
ok  g018 r2  Show each county in Oregon and Idaho.
ok  g021 r2  Show each county in Illinois, and Iowa.
ok  g016 r2  Every county in Ohio, Michigan plus Indiana.
MISS  g017 r2  Every county in Illinois, Iowa, Kansas plus Oregon.
ok  g020 r2  Show each county in Ohio, Michigan, Indiana and Illinois.
ok  g022 r2  Show each county in Oregon, Idaho, and Maine.
ok  g023 r2  Show each county in Vermont, Colorado, Minnesota, and Ohio.
ok  g025 r2  Show each county in Illinois, Iowa plus Kansas.
ok  g024 r2  Show each county in Ohio plus Michigan.
{
  "cells": 70,
  "repeat": 3,
  "pass_rate": 0.635,
  "by_dimension": {
    "connector=and": 0.606,
    "connector=comma-and": 0.697,
    "connector=plus": 0.6,
    "level=county": 0.713,
    "level=tract": 0.25,
    "parent_count=2": 0.545,
    "parent_count=3": 0.75,
    "parent_count=4": 0.613,
    "verb=across": 0.889,
    "verb=all": 0.593,
    "verb=each": 0.765,
    "verb=every": 0.44,
    "verb=list": 0.667,
    "verb=within": 0.778
  }
}
ok  g031 r2  List the counties in Vermont, Colorado, and Minnesota.
MISS  g030 r2  List the counties in Oregon, and Idaho.
ok  g028 r2  List the counties in Ohio, Michigan and Indiana.
MISS  g029 r2  List the counties in Illinois, Iowa, Kansas and Oregon.
ok  g026 r2  Show each county in Oregon, Idaho, Maine plus Vermont.
MISS  g027 r2  List the counties in Vermont and Colorado.
ok  g032 r2  List the counties in Ohio, Michigan, Indiana, and Illinois.
ok  g034 r2  List the counties in Oregon, Idaho plus Maine.
ok  g038 r2  Show all counties within Oregon, Idaho, Maine and Vermont.
ok  g036 r2  Show all counties within Ohio and Michigan.
ok  g033 r2  List the counties in Illinois plus Iowa.
ok  g035 r2  List the counties in Vermont, Colorado, Minnesota plus Ohio.
ok  g037 r2  Show all counties within Illinois, Iowa and Kansas.
MISS  g039 r2  Show all counties within Vermont, and Colorado.
ok  g041 r2  Show all counties within Illinois, Iowa, Kansas, and Oregon.
ok  g040 r2  Show all counties within Ohio, Michigan, and Indiana.
MISS  g042 r2  Show all counties within Oregon plus Idaho.
ok  g043 r2  Show all counties within Vermont, Colorado plus Minnesota.
ok  g044 r2  Show all counties within Ohio, Michigan, Indiana plus Illinois.
ok  g046 r2  Pull every county across Oregon, Idaho and Maine.
ok  g048 r2  Pull every county across Ohio, and Michigan.
ok  g045 r2  Pull every county across Illinois and Iowa.
ok  g049 r2  Pull every county across Illinois, Iowa, and Kansas.
ok  g047 r2  Pull every county across Vermont, Colorado, Minnesota and Ohio.
{
  "cells": 70,
  "repeat": 3,
  "pass_rate": 0.667,
  "by_dimension": {
    "connector=and": 0.643,
    "connector=comma-and": 0.707,
    "connector=plus": 0.649,
    "level=county": 0.731,
    "level=tract": 0.25,
    "parent_count=2": 0.537,
    "parent_count=3": 0.8,
    "parent_count=4": 0.667,
    "verb=across": 0.929,
    "verb=all": 0.593,
    "verb=each": 0.778,
    "verb=every": 0.44,
    "verb=list": 0.667,
    "verb=within": 0.778
  }
}
ok  g053 r2  Pull every county across Illinois, Iowa, Kansas plus Oregon.
MISS  g054 r2  All tracts in Cook and DuPage County.
ok  g052 r2  Pull every county across Ohio, Michigan plus Indiana.
MISS  g055 r2  All tracts in Wayne, Oakland and Macomb County.
ok  g051 r2  Pull every county across Vermont plus Colorado.
ok  g057 r2  All tracts in King, and Pierce County.
ok  g050 r2  Pull every county across Oregon, Idaho, Maine, and Vermont.
MISS  g059 r2  All tracts in Marion, Hamilton, Lake, and Allen County.
ok  g060 r2  All tracts in Cook plus DuPage County.
MISS  g056 r2  All tracts in Hennepin, Ramsey, Dakota and Anoka County.
ok  g058 r2  All tracts in Franklin, Cuyahoga, and Hamilton County.
MISS  g061 r2  All tracts in Wayne, Oakland plus Macomb County.
ok  g062 r2  All tracts in Hennepin, Ramsey, Dakota plus Anoka County.
MISS  g064 r2  Every tract in Franklin, Cuyahoga and Hamilton County.
ok  g066 r2  Every tract in Cook, and DuPage County.
MISS  g063 r2  Every tract in King and Pierce County.
MISS  g067 r2  Every tract in Wayne, Oakland, and Macomb County.
MISS  g065 r2  Every tract in Marion, Hamilton, Lake and Allen County.
ok  g069 r2  Every tract in King plus Pierce County.
MISS  g068 r2  Every tract in Hennepin, Ramsey, Dakota, and Anoka County.
MISS  g001 r3  All counties in Illinois, Iowa and Kansas.
ok  g000 r3  All counties in Ohio and Michigan.
ok  g003 r3  All counties in Vermont, and Colorado.
ok  g002 r3  All counties in Oregon, Idaho, Maine and Vermont.
{
  "cells": 70,
  "repeat": 3,
  "pass_rate": 0.646,
  "by_dimension": {
    "connector=and": 0.569,
    "connector=comma-and": 0.694,
    "connector=plus": 0.682,
    "level=county": 0.741,
    "level=tract": 0.312,
    "parent_count=2": 0.58,
    "parent_count=3": 0.723,
    "parent_count=4": 0.638,
    "verb=across": 0.944,
    "verb=all": 0.575,
    "verb=each": 0.778,
    "verb=every": 0.406,
    "verb=list": 0.667,
    "verb=within": 0.778
  }
}
MISS  g006 r3  All counties in Oregon plus Idaho.
ok  g007 r3  All counties in Vermont, Colorado plus Minnesota.
ok  g009 r3  Every county in Illinois and Iowa.
MISS  g008 r3  All counties in Ohio, Michigan, Indiana plus Illinois.
ok  g005 r3  All counties in Illinois, Iowa, Kansas, and Oregon.
ok  g004 r3  All counties in Ohio, Michigan, and Indiana.
ok  g015 r3  Every county in Vermont plus Colorado.
ok  g010 r3  Every county in Oregon, Idaho and Maine.
ok  g013 r3  Every county in Illinois, Iowa, and Kansas.
ok  g011 r3  Every county in Vermont, Colorado, Minnesota and Ohio.
ok  g014 r3  Every county in Oregon, Idaho, Maine, and Vermont.
ok  g016 r3  Every county in Ohio, Michigan plus Indiana.
ok  g019 r3  Show each county in Vermont, Colorado and Minnesota.
MISS  g012 r3  Every county in Ohio, and Michigan.
ok  g020 r3  Show each county in Ohio, Michigan, Indiana and Illinois.
MISS  g018 r3  Show each county in Oregon and Idaho.
MISS  g017 r3  Every county in Illinois, Iowa, Kansas plus Oregon.
ok  g021 r3  Show each county in Illinois, and Iowa.
ok  g022 r3  Show each county in Oregon, Idaho, and Maine.
MISS  g024 r3  Show each county in Ohio plus Michigan.
MISS  g023 r3  Show each county in Vermont, Colorado, Minnesota, and Ohio.
ok  g026 r3  Show each county in Oregon, Idaho, Maine plus Vermont.
ok  g025 r3  Show each county in Illinois, Iowa plus Kansas.
MISS  g027 r3  List the counties in Vermont and Colorado.
{
  "cells": 70,
  "repeat": 3,
  "pass_rate": 0.649,
  "by_dimension": {
    "connector=and": 0.586,
    "connector=comma-and": 0.702,
    "connector=plus": 0.66,
    "level=county": 0.728,
    "level=tract": 0.312,
    "parent_count=2": 0.552,
    "parent_count=3": 0.764,
    "parent_count=4": 0.636,
    "verb=across": 0.944,
    "verb=all": 0.578,
    "verb=each": 0.741,
    "verb=every": 0.488,
    "verb=list": 0.632,
    "verb=within": 0.778
  }
}
ok  g033 r3  List the counties in Illinois plus Iowa.
ok  g030 r3  List the counties in Oregon, and Idaho.
ok  g031 r3  List the counties in Vermont, Colorado, and Minnesota.
ok  g028 r3  List the counties in Ohio, Michigan and Indiana.
ok  g032 r3  List the counties in Ohio, Michigan, Indiana, and Illinois.
ok  g029 r3  List the counties in Illinois, Iowa, Kansas and Oregon.
ok  g034 r3  List the counties in Oregon, Idaho plus Maine.
ok  g035 r3  List the counties in Vermont, Colorado, Minnesota plus Ohio.
ok  g037 r3  Show all counties within Illinois, Iowa and Kansas.
ok  g040 r3  Show all counties within Ohio, Michigan, and Indiana.
MISS  g036 r3  Show all counties within Ohio and Michigan.
ok  g038 r3  Show all counties within Oregon, Idaho, Maine and Vermont.
ok  g042 r3  Show all counties within Oregon plus Idaho.
ok  g043 r3  Show all counties within Vermont, Colorado plus Minnesota.
ok  g039 r3  Show all counties within Vermont, and Colorado.
ok  g044 r3  Show all counties within Ohio, Michigan, Indiana plus Illinois.
MISS  g041 r3  Show all counties within Illinois, Iowa, Kansas, and Oregon.
ok  g045 r3  Pull every county across Illinois and Iowa.
ok  g046 r3  Pull every county across Oregon, Idaho and Maine.
ok  g049 r3  Pull every county across Illinois, Iowa, and Kansas.
ok  g047 r3  Pull every county across Vermont, Colorado, Minnesota and Ohio.
ok  g051 r3  Pull every county across Vermont plus Colorado.
MISS  g050 r3  Pull every county across Oregon, Idaho, Maine, and Vermont.
ok  g048 r3  Pull every county across Ohio, and Michigan.
{
  "cells": 70,
  "repeat": 3,
  "pass_rate": 0.677,
  "by_dimension": {
    "connector=and": 0.621,
    "connector=comma-and": 0.712,
    "connector=plus": 0.7,
    "level=county": 0.75,
    "level=tract": 0.312,
    "parent_count=2": 0.591,
    "parent_count=3": 0.794,
    "parent_count=4": 0.651,
    "verb=across": 0.92,
    "verb=all": 0.578,
    "verb=each": 0.741,
    "verb=every": 0.488,
    "verb=list": 0.741,
    "verb=within": 0.778
  }
}
ok  g057 r3  All tracts in King, and Pierce County.
MISS  g054 r3  All tracts in Cook and DuPage County.
ok  g052 r3  Pull every county across Ohio, Michigan plus Indiana.
MISS  g055 r3  All tracts in Wayne, Oakland and Macomb County.
MISS  g053 r3  Pull every county across Illinois, Iowa, Kansas plus Oregon.
MISS  g061 r3  All tracts in Wayne, Oakland plus Macomb County.
ok  g058 r3  All tracts in Franklin, Cuyahoga, and Hamilton County.
ok  g060 r3  All tracts in Cook plus DuPage County.
MISS  g062 r3  All tracts in Hennepin, Ramsey, Dakota plus Anoka County.
MISS  g059 r3  All tracts in Marion, Hamilton, Lake, and Allen County.
ok  g056 r3  All tracts in Hennepin, Ramsey, Dakota and Anoka County.
ok  g065 r3  Every tract in Marion, Hamilton, Lake and Allen County.
ok  g066 r3  Every tract in Cook, and DuPage County.
ok  g064 r3  Every tract in Franklin, Cuyahoga and Hamilton County.
MISS  g063 r3  Every tract in King and Pierce County.
MISS  g069 r3  Every tract in King plus Pierce County.
MISS  g067 r3  Every tract in Wayne, Oakland, and Macomb County.
ok  g068 r3  Every tract in Hennepin, Ramsey, Dakota, and Anoka County.
{
  "cells": 70,
  "repeat": 3,
  "pass_rate": 0.662,
  "by_dimension": {
    "connector=and": 0.611,
    "connector=comma-and": 0.708,
    "connector=plus": 0.667,
    "level=county": 0.747,
    "level=tract": 0.375,
    "parent_count=2": 0.583,
    "parent_count=3": 0.768,
    "parent_count=4": 0.638,
    "verb=across": 0.889,
    "verb=all": 0.556,
    "verb=each": 0.741,
    "verb=every": 0.5,
    "verb=list": 0.741,
    "verb=within": 0.778
  }
}
