ok  g057 r1  All tracts in King, and Pierce County.
ok  g056 r1  All tracts in Hennepin, Ramsey, Dakota and Anoka County.
ok  g055 r1  All tracts in Wayne, Oakland and Macomb County.
ok  g058 r1  All tracts in Franklin, Cuyahoga, and Hamilton County.
ok  g054 r1  All tracts in Cook and DuPage County.
ok  g059 r1  All tracts in Marion, Hamilton, Lake, and Allen County.
ok  g060 r1  All tracts in Cook plus DuPage County.
ok  g061 r1  All tracts in Wayne, Oakland plus Macomb County.
ok  g063 r1  Every tract in King and Pierce County.
MISS  g066 r1  Every tract in Cook, and DuPage County.
MISS  g065 r1  Every tract in Marion, Hamilton, Lake and Allen County.
ok  g062 r1  All tracts in Hennepin, Ramsey, Dakota plus Anoka County.
ok  g064 r1  Every tract in Franklin, Cuyahoga and Hamilton County.
ok  g067 r1  Every tract in Wayne, Oakland, and Macomb County.
ok  g069 r1  Every tract in King plus Pierce County.
ok  g057 r2  All tracts in King, and Pierce County.
ok  g055 r2  All tracts in Wayne, Oakland and Macomb County.
ok  g058 r2  All tracts in Franklin, Cuyahoga, and Hamilton County.
ok  g054 r2  All tracts in Cook and DuPage County.
ok  g060 r2  All tracts in Cook plus DuPage County.
ok  g068 r1  Every tract in Hennepin, Ramsey, Dakota, and Anoka County.
ok  g056 r2  All tracts in Hennepin, Ramsey, Dakota and Anoka County.
ok  g061 r2  All tracts in Wayne, Oakland plus Macomb County.
ok  g059 r2  All tracts in Marion, Hamilton, Lake, and Allen County.
{
  "cells": 16,
  "repeat": 3,
  "pass_rate": 0.917,
  "by_dimension": {
    "connector=and": 0.889,
    "connector=comma-and": 0.889,
    "connector=plus": 1.0,
    "level=tract": 0.917,
    "parent_count=2": 0.889,
    "parent_count=3": 1.0,
    "parent_count=4": 0.857,
    "verb=all": 1.0,
    "verb=every": 0.714
  }
}
MISS  g065 r2  Every tract in Marion, Hamilton, Lake and Allen County.
MISS  g066 r2  Every tract in Cook, and DuPage County.
ok  g062 r2  All tracts in Hennepin, Ramsey, Dakota plus Anoka County.
ok  g063 r2  Every tract in King and Pierce County.
ok  g064 r2  Every tract in Franklin, Cuyahoga and Hamilton County.
ok  g067 r2  Every tract in Wayne, Oakland, and Macomb County.
MISS  g054 r3  All tracts in Cook and DuPage County.
ok  g069 r2  Every tract in King plus Pierce County.
MISS  g056 r3  All tracts in Hennepin, Ramsey, Dakota and Anoka County.
ok  g055 r3  All tracts in Wayne, Oakland and Macomb County.
ok  g068 r2  Every tract in Hennepin, Ramsey, Dakota, and Anoka County.
ok  g057 r3  All tracts in King, and Pierce County.
ok  g060 r3  All tracts in Cook plus DuPage County.
ok  g058 r3  All tracts in Franklin, Cuyahoga, and Hamilton County.
ok  g059 r3  All tracts in Marion, Hamilton, Lake, and Allen County.
MISS  g061 r3  All tracts in Wayne, Oakland plus Macomb County.
ok  g063 r3  Every tract in King and Pierce County.
ok  g062 r3  All tracts in Hennepin, Ramsey, Dakota plus Anoka County.
ok  g064 r3  Every tract in Franklin, Cuyahoga and Hamilton County.
MISS  g066 r3  Every tract in Cook, and DuPage County.
MISS  g067 r3  Every tract in Wayne, Oakland, and Macomb County.
ok  g068 r3  Every tract in Hennepin, Ramsey, Dakota, and Anoka County.
MISS  g065 r3  Every tract in Marion, Hamilton, Lake and Allen County.
MISS  g069 r3  Every tract in King plus Pierce County.
{
  "cells": 16,
  "repeat": 3,
  "pass_rate": 0.771,
  "by_dimension": {
    "connector=and": 0.722,
    "connector=comma-and": 0.778,
    "connector=plus": 0.833,
    "level=tract": 0.771,
    "parent_count=2": 0.722,
    "parent_count=3": 0.867,
    "parent_count=4": 0.733,
    "verb=all": 0.889,
    "verb=every": 0.619
  }
}
