MISS  g000 r1  All counties in Ohio and Michigan.
ok  g005 r1  All counties in Illinois, Iowa, Kansas, and Oregon.
MISS  g001 r1  All counties in Illinois, Iowa and Kansas.
ok  g004 r1  All counties in Ohio, Michigan, and Indiana.
ok  g002 r1  All counties in Oregon, Idaho, Maine and Vermont.
MISS  g008 r1  All counties in Ohio, Michigan, Indiana plus Illinois.
MISS  g003 r1  All counties in Vermont, and Colorado.
MISS  g007 r1  All counties in Vermont, Colorado plus Minnesota.
ok  g006 r1  All counties in Oregon plus Idaho.
ok  g009 r1  Every county in Illinois and Iowa.
ok  g010 r1  Every county in Oregon, Idaho and Maine.
ok  g011 r1  Every county in Vermont, Colorado, Minnesota and Ohio.
ok  g012 r1  Every county in Ohio, and Michigan.
ok  g014 r1  Every county in Oregon, Idaho, Maine, and Vermont.
MISS  g013 r1  Every county in Illinois, Iowa, and Kansas.
ok  g019 r1  Show each county in Vermont, Colorado and Minnesota.
MISS  g018 r1  Show each county in Oregon and Idaho.
MISS  g021 r1  Show each county in Illinois, and Iowa.
ok  g016 r1  Every county in Ohio, Michigan plus Indiana.
ok  g017 r1  Every county in Illinois, Iowa, Kansas plus Oregon.
MISS  g015 r1  Every county in Vermont plus Colorado.
ok  g020 r1  Show each county in Ohio, Michigan, Indiana and Illinois.
ok  g023 r1  Show each county in Vermont, Colorado, Minnesota, and Ohio.
ok  g022 r1  Show each county in Oregon, Idaho, and Maine.
{
  "cells": 70,
  "repeat": 3,
  "pass_rate": 0.625,
  "by_dimension": {
    "connector=and": 0.667,
    "connector=comma-and": 0.667,
    "connector=plus": 0.5,
    "level=county": 0.625,
    "parent_count=2": 0.375,
    "parent_count=3": 0.625,
    "parent_count=4": 0.875,
    "verb=all": 0.444,
    "verb=each": 0.667,
    "verb=every": 0.778
  }
}
MISS  g025 r1  Show each county in Illinois, Iowa plus Kansas.
MISS  g024 r1  Show each county in Ohio plus Michigan.
MISS  g028 r1  List the counties in Ohio, Michigan and Indiana.
ok  g026 r1  Show each county in Oregon, Idaho, Maine plus Vermont.
MISS  g030 r1  List the counties in Oregon, and Idaho.
MISS  g029 r1  List the counties in Illinois, Iowa, Kansas and Oregon.
ok  g031 r1  List the counties in Vermont, Colorado, and Minnesota.
MISS  g032 r1  List the counties in Ohio, Michigan, Indiana, and Illinois.
MISS  g034 r1  List the counties in Oregon, Idaho plus Maine.
MISS  g027 r1  List the counties in Vermont and Colorado.
MISS  g036 r1  Show all counties within Ohio and Michigan.
MISS  g033 r1  List the counties in Illinois plus Iowa.
MISS  g037 r1  Show all counties within Illinois, Iowa and Kansas.
ok  g039 r1  Show all counties within Vermont, and Colorado.
ok  g038 r1  Show all counties within Oregon, Idaho, Maine and Vermont.
MISS  g035 r1  List the counties in Vermont, Colorado, Minnesota plus Ohio.
ok  g042 r1  Show all counties within Oregon plus Idaho.
MISS  g040 r1  Show all counties within Ohio, Michigan, and Indiana.
MISS  g044 r1  Show all counties within Ohio, Michigan, Indiana plus Illinois.
ok  g043 r1  Show all counties within Vermont, Colorado plus Minnesota.
MISS  g045 r1  Pull every county across Illinois and Iowa.
ok  g041 r1  Show all counties within Illinois, Iowa, Kansas, and Oregon.
MISS  g046 r1  Pull every county across Oregon, Idaho and Maine.
MISS  g047 r1  Pull every county across Vermont, Colorado, Minnesota and Ohio.
{
  "cells": 70,
  "repeat": 3,
  "pass_rate": 0.458,
  "by_dimension": {
    "connector=and": 0.389,
    "connector=comma-and": 0.6,
    "connector=plus": 0.4,
    "level=county": 0.458,
    "parent_count=2": 0.312,
    "parent_count=3": 0.438,
    "parent_count=4": 0.625,
    "verb=across": 0.0,
    "verb=all": 0.444,
    "verb=each": 0.556,
    "verb=every": 0.778,
    "verb=list": 0.111,
    "verb=within": 0.556
  }
}
MISS  g048 r1  Pull every county across Ohio, and Michigan.
MISS  g050 r1  Pull every county across Oregon, Idaho, Maine, and Vermont.
ok  g052 r1  Pull every county across Ohio, Michigan plus Indiana.
MISS  g054 r1  All tracts in Cook and DuPage County.
MISS  g051 r1  Pull every county across Vermont plus Colorado.
MISS  g049 r1  Pull every county across Illinois, Iowa, and Kansas.
MISS  g057 r1  All tracts in King, and Pierce County.
MISS  g056 r1  All tracts in Hennepin, Ramsey, Dakota and Anoka County.
ok  g055 r1  All tracts in Wayne, Oakland and Macomb County.
MISS  g059 r1  All tracts in Marion, Hamilton, Lake, and Allen County.
MISS  g053 r1  Pull every county across Illinois, Iowa, Kansas plus Oregon.
MISS  g060 r1  All tracts in Cook plus DuPage County.
ok  g061 r1  All tracts in Wayne, Oakland plus Macomb County.
ok  g058 r1  All tracts in Franklin, Cuyahoga, and Hamilton County.
ok  g066 r1  Every tract in Cook, and DuPage County.
MISS  g065 r1  Every tract in Marion, Hamilton, Lake and Allen County.
ok  g063 r1  Every tract in King and Pierce County.
MISS  g067 r1  Every tract in Wayne, Oakland, and Macomb County.
MISS  g062 r1  All tracts in Hennepin, Ramsey, Dakota plus Anoka County.
MISS  g064 r1  Every tract in Franklin, Cuyahoga and Hamilton County.
ok  g000 r2  All counties in Ohio and Michigan.
MISS  g069 r1  Every tract in King plus Pierce County.
ok  g001 r2  All counties in Illinois, Iowa and Kansas.
ok  g068 r1  Every tract in Hennepin, Ramsey, Dakota, and Anoka County.
{
  "cells": 70,
  "repeat": 3,
  "pass_rate": 0.431,
  "by_dimension": {
    "connector=and": 0.423,
    "connector=comma-and": 0.5,
    "connector=plus": 0.364,
    "level=county": 0.446,
    "level=tract": 0.375,
    "parent_count=2": 0.32,
    "parent_count=3": 0.5,
    "parent_count=4": 0.478,
    "verb=across": 0.111,
    "verb=all": 0.45,
    "verb=each": 0.556,
    "verb=every": 0.625,
    "verb=list": 0.111,
    "verb=within": 0.556
  }
}
MISS  g006 r2  All counties in Oregon plus Idaho.
ok  g007 r2  All counties in Vermont, Colorado plus Minnesota.
ok  g004 r2  All counties in Ohio, Michigan, and Indiana.
MISS  g003 r2  All counties in Vermont, and Colorado.
ok  g008 r2  All counties in Ohio, Michigan, Indiana plus Illinois.
ok  g009 r2  Every county in Illinois and Iowa.
MISS  g005 r2  All counties in Illinois, Iowa, Kansas, and Oregon.
ok  g002 r2  All counties in Oregon, Idaho, Maine and Vermont.
ok  g012 r2  Every county in Ohio, and Michigan.
MISS  g015 r2  Every county in Vermont plus Colorado.
ok  g011 r2  Every county in Vermont, Colorado, Minnesota and Ohio.
ok  g013 r2  Every county in Illinois, Iowa, and Kansas.
ok  g010 r2  Every county in Oregon, Idaho and Maine.
ok  g019 r2  Show each county in Vermont, Colorado and Minnesota.
ok  g014 r2  Every county in Oregon, Idaho, Maine, and Vermont.
MISS  g018 r2  Show each county in Oregon and Idaho.
MISS  g017 r2  Every county in Illinois, Iowa, Kansas plus Oregon.
MISS  g021 r2  Show each county in Illinois, and Iowa.
MISS  g024 r2  Show each county in Ohio plus Michigan.
ok  g022 r2  Show each county in Oregon, Idaho, and Maine.
ok  g020 r2  Show each county in Ohio, Michigan, Indiana and Illinois.
MISS  g023 r2  Show each county in Vermont, Colorado, Minnesota, and Ohio.
MISS  g016 r2  Every county in Ohio, Michigan plus Indiana.
MISS  g025 r2  Show each county in Illinois, Iowa plus Kansas.
{
  "cells": 70,
  "repeat": 3,
  "pass_rate": 0.458,
  "by_dimension": {
    "connector=and": 0.515,
    "connector=comma-and": 0.515,
    "connector=plus": 0.333,
    "level=county": 0.475,
    "level=tract": 0.375,
    "parent_count=2": 0.303,
    "parent_count=3": 0.562,
    "parent_count=4": 0.516,
    "verb=across": 0.111,
    "verb=all": 0.481,
    "verb=each": 0.471,
    "verb=every": 0.64,
    "verb=list": 0.111,
    "verb=within": 0.556
  }
}
MISS  g028 r2  List the counties in Ohio, Michigan and Indiana.
MISS  g026 r2  Show each county in Oregon, Idaho, Maine plus Vermont.
MISS  g030 r2  List the counties in Oregon, and Idaho.
MISS  g029 r2  List the counties in Illinois, Iowa, Kansas and Oregon.
MISS  g027 r2  List the counties in Vermont and Colorado.
MISS  g034 r2  List the counties in Oregon, Idaho plus Maine.
MISS  g033 r2  List the counties in Illinois plus Iowa.
MISS  g031 r2  List the counties in Vermont, Colorado, and Minnesota.
MISS  g037 r2  Show all counties within Illinois, Iowa and Kansas.
MISS  g032 r2  List the counties in Ohio, Michigan, Indiana, and Illinois.
MISS  g035 r2  List the counties in Vermont, Colorado, Minnesota plus Ohio.
ok  g038 r2  Show all counties within Oregon, Idaho, Maine and Vermont.
MISS  g036 r2  Show all counties within Ohio and Michigan.
ok  g039 r2  Show all counties within Vermont, and Colorado.
MISS  g042 r2  Show all counties within Oregon plus Idaho.
MISS  g040 r2  Show all counties within Ohio, Michigan, and Indiana.
ok  g041 r2  Show all counties within Illinois, Iowa, Kansas, and Oregon.
MISS  g043 r2  Show all counties within Vermont, Colorado plus Minnesota.
MISS  g046 r2  Pull every county across Oregon, Idaho and Maine.
MISS  g044 r2  Show all counties within Ohio, Michigan, Indiana plus Illinois.
MISS  g048 r2  Pull every county across Ohio, and Michigan.
MISS  g049 r2  Pull every county across Illinois, Iowa, and Kansas.
ok  g047 r2  Pull every county across Vermont, Colorado, Minnesota and Ohio.
MISS  g045 r2  Pull every county across Illinois and Iowa.
{
  "cells": 70,
  "repeat": 3,
  "pass_rate": 0.4,
  "by_dimension": {
    "connector=and": 0.452,
    "connector=comma-and": 0.463,
    "connector=plus": 0.27,
    "level=county": 0.404,
    "level=tract": 0.375,
    "parent_count=2": 0.268,
    "parent_count=3": 0.45,
    "parent_count=4": 0.487,
    "verb=across": 0.143,
    "verb=all": 0.481,
    "verb=each": 0.444,
    "verb=every": 0.64,
    "verb=list": 0.056,
    "verb=within": 0.444
  }
}
MISS  g051 r2  Pull every county across Vermont plus Colorado.
ok  g055 r2  All tracts in Wayne, Oakland and Macomb County.
ok  g052 r2  Pull every county across Ohio, Michigan plus Indiana.
MISS  g054 r2  All tracts in Cook and DuPage County.
ok  g056 r2  All tracts in Hennepin, Ramsey, Dakota and Anoka County.
MISS  g050 r2  Pull every county across Oregon, Idaho, Maine, and Vermont.
MISS  g057 r2  All tracts in King, and Pierce County.
MISS  g058 r2  All tracts in Franklin, Cuyahoga, and Hamilton County.
MISS  g053 r2  Pull every county across Illinois, Iowa, Kansas plus Oregon.
ok  g059 r2  All tracts in Marion, Hamilton, Lake, and Allen County.
MISS  g060 r2  All tracts in Cook plus DuPage County.
ok  g062 r2  All tracts in Hennepin, Ramsey, Dakota plus Anoka County.
MISS  g061 r2  All tracts in Wayne, Oakland plus Macomb County.
MISS  g064 r2  Every tract in Franklin, Cuyahoga and Hamilton County.
ok  g063 r2  Every tract in King and Pierce County.
ok  g066 r2  Every tract in Cook, and DuPage County.
MISS  g000 r3  All counties in Ohio and Michigan.
MISS  g068 r2  Every tract in Hennepin, Ramsey, Dakota, and Anoka County.
MISS  g065 r2  Every tract in Marion, Hamilton, Lake and Allen County.
MISS  g067 r2  Every tract in Wayne, Oakland, and Macomb County.
ok  g069 r2  Every tract in King plus Pierce County.
ok  g002 r3  All counties in Oregon, Idaho, Maine and Vermont.
MISS  g001 r3  All counties in Illinois, Iowa and Kansas.
ok  g003 r3  All counties in Vermont, and Colorado.
{
  "cells": 70,
  "repeat": 3,
  "pass_rate": 0.403,
  "by_dimension": {
    "connector=and": 0.451,
    "connector=comma-and": 0.449,
    "connector=plus": 0.295,
    "level=county": 0.402,
    "level=tract": 0.406,
    "parent_count=2": 0.3,
    "parent_count=3": 0.426,
    "parent_count=4": 0.489,
    "verb=across": 0.167,
    "verb=all": 0.475,
    "verb=each": 0.444,
    "verb=every": 0.594,
    "verb=list": 0.056,
    "verb=within": 0.444
  }
}
MISS  g006 r3  All counties in Oregon plus Idaho.
ok  g004 r3  All counties in Ohio, Michigan, and Indiana.
ok  g009 r3  Every county in Illinois and Iowa.
MISS  g008 r3  All counties in Ohio, Michigan, Indiana plus Illinois.
ok  g005 r3  All counties in Illinois, Iowa, Kansas, and Oregon.
ok  g012 r3  Every county in Ohio, and Michigan.
MISS  g015 r3  Every county in Vermont plus Colorado.
ok  g013 r3  Every county in Illinois, Iowa, and Kansas.
ok  g010 r3  Every county in Oregon, Idaho and Maine.
ok  g007 r3  All counties in Vermont, Colorado plus Minnesota.
ok  g014 r3  Every county in Oregon, Idaho, Maine, and Vermont.
ok  g019 r3  Show each county in Vermont, Colorado and Minnesota.
MISS  g017 r3  Every county in Illinois, Iowa, Kansas plus Oregon.
ok  g016 r3  Every county in Ohio, Michigan plus Indiana.
ok  g011 r3  Every county in Vermont, Colorado, Minnesota and Ohio.
MISS  g021 r3  Show each county in Illinois, and Iowa.
ok  g020 r3  Show each county in Ohio, Michigan, Indiana and Illinois.
MISS  g018 r3  Show each county in Oregon and Idaho.
MISS  g024 r3  Show each county in Ohio plus Michigan.
ok  g022 r3  Show each county in Oregon, Idaho, and Maine.
ok  g023 r3  Show each county in Vermont, Colorado, Minnesota, and Ohio.
MISS  g025 r3  Show each county in Illinois, Iowa plus Kansas.
MISS  g026 r3  Show each county in Oregon, Idaho, Maine plus Vermont.
MISS  g027 r3  List the counties in Vermont and Colorado.
{
  "cells": 70,
  "repeat": 3,
  "pass_rate": 0.429,
  "by_dimension": {
    "connector=and": 0.483,
    "connector=comma-and": 0.509,
    "connector=plus": 0.283,
    "level=county": 0.434,
    "level=tract": 0.406,
    "parent_count=2": 0.293,
    "parent_count=3": 0.491,
    "parent_count=4": 0.509,
    "verb=across": 0.167,
    "verb=all": 0.489,
    "verb=each": 0.444,
    "verb=every": 0.634,
    "verb=list": 0.053,
    "verb=within": 0.444
  }
}
MISS  g033 r3  List the counties in Illinois plus Iowa.
MISS  g032 r3  List the counties in Ohio, Michigan, Indiana, and Illinois.
MISS  g030 r3  List the counties in Oregon, and Idaho.
ok  g031 r3  List the counties in Vermont, Colorado, and Minnesota.
ok  g029 r3  List the counties in Illinois, Iowa, Kansas and Oregon.
MISS  g035 r3  List the counties in Vermont, Colorado, Minnesota plus Ohio.
MISS  g034 r3  List the counties in Oregon, Idaho plus Maine.
ok  g038 r3  Show all counties within Oregon, Idaho, Maine and Vermont.
MISS  g039 r3  Show all counties within Vermont, and Colorado.
ok  g037 r3  Show all counties within Illinois, Iowa and Kansas.
ok  g040 r3  Show all counties within Ohio, Michigan, and Indiana.
ok  g042 r3  Show all counties within Oregon plus Idaho.
MISS  g036 r3  Show all counties within Ohio and Michigan.
ok  g043 r3  Show all counties within Vermont, Colorado plus Minnesota.
MISS  g044 r3  Show all counties within Ohio, Michigan, Indiana plus Illinois.
MISS  g028 r3  List the counties in Ohio, Michigan and Indiana.
MISS  g041 r3  Show all counties within Illinois, Iowa, Kansas, and Oregon.
ok  g047 r3  Pull every county across Vermont, Colorado, Minnesota and Ohio.
MISS  g049 r3  Pull every county across Illinois, Iowa, and Kansas.
MISS  g046 r3  Pull every county across Oregon, Idaho and Maine.
MISS  g045 r3  Pull every county across Illinois and Iowa.
MISS  g048 r3  Pull every county across Ohio, and Michigan.
MISS  g050 r3  Pull every county across Oregon, Idaho, Maine, and Vermont.
MISS  g051 r3  Pull every county across Vermont plus Colorado.
{
  "cells": 70,
  "repeat": 3,
  "pass_rate": 0.417,
  "by_dimension": {
    "connector=and": 0.485,
    "connector=comma-and": 0.47,
    "connector=plus": 0.283,
    "level=county": 0.419,
    "level=tract": 0.406,
    "parent_count=2": 0.273,
    "parent_count=3": 0.492,
    "parent_count=4": 0.492,
    "verb=across": 0.16,
    "verb=all": 0.489,
    "verb=each": 0.444,
    "verb=every": 0.634,
    "verb=list": 0.111,
    "verb=within": 0.481
  }
}
MISS  g054 r3  All tracts in Cook and DuPage County.
ok  g056 r3  All tracts in Hennepin, Ramsey, Dakota and Anoka County.
MISS  g057 r3  All tracts in King, and Pierce County.
MISS  g052 r3  Pull every county across Ohio, Michigan plus Indiana.
MISS  g053 r3  Pull every county across Illinois, Iowa, Kansas plus Oregon.
MISS  g059 r3  All tracts in Marion, Hamilton, Lake, and Allen County.
MISS  g055 r3  All tracts in Wayne, Oakland and Macomb County.
MISS  g058 r3  All tracts in Franklin, Cuyahoga, and Hamilton County.
ok  g061 r3  All tracts in Wayne, Oakland plus Macomb County.
ok  g062 r3  All tracts in Hennepin, Ramsey, Dakota plus Anoka County.
ok  g060 r3  All tracts in Cook plus DuPage County.
MISS  g063 r3  Every tract in King and Pierce County.
ok  g066 r3  Every tract in Cook, and DuPage County.
MISS  g067 r3  Every tract in Wayne, Oakland, and Macomb County.
ok  g069 r3  Every tract in King plus Pierce County.
MISS  g064 r3  Every tract in Franklin, Cuyahoga and Hamilton County.
MISS  g068 r3  Every tract in Hennepin, Ramsey, Dakota, and Anoka County.
ok  g065 r3  Every tract in Marion, Hamilton, Lake and Allen County.
{
  "cells": 70,
  "repeat": 3,
  "pass_rate": 0.414,
  "by_dimension": {
    "connector=and": 0.472,
    "connector=comma-and": 0.444,
    "connector=plus": 0.318,
    "level=county": 0.414,
    "level=tract": 0.417,
    "parent_count=2": 0.292,
    "parent_count=3": 0.464,
    "parent_count=4": 0.493,
    "verb=across": 0.148,
    "verb=all": 0.481,
    "verb=each": 0.444,
    "verb=every": 0.604,
    "verb=list": 0.111,
    "verb=within": 0.481
  }
}
